Apache Maven 3.9.10 (5f519b97e944483d878815739f519b2eade0a91d)
Maven home: C:\apache-maven-3.9.10
Java version: 17.0.12, vendor: Oracle Corporation, runtime: C:\Program Files\Java\jdk-17
Default locale: fr_FR, platform encoding: Cp1252
OS name: "windows 11", version: "10.0", arch: "amd64", family: "windows"
[DEBUG] Created new class realm maven.api
[DEBUG] Importing foreign packages into class realm maven.api
[DEBUG]   Imported: javax.annotation.* < plexus.core
[DEBUG]   Imported: javax.annotation.security.* < plexus.core
[DEBUG]   Imported: javax.inject.* < plexus.core
[DEBUG]   Imported: org.apache.maven.* < plexus.core
[DEBUG]   Imported: org.apache.maven.artifact < plexus.core
[DEBUG]   Imported: org.apache.maven.classrealm < plexus.core
[DEBUG]   Imported: org.apache.maven.cli < plexus.core
[DEBUG]   Imported: org.apache.maven.configuration < plexus.core
[DEBUG]   Imported: org.apache.maven.exception < plexus.core
[DEBUG]   Imported: org.apache.maven.execution < plexus.core
[DEBUG]   Imported: org.apache.maven.execution.scope < plexus.core
[DEBUG]   Imported: org.apache.maven.graph < plexus.core
[DEBUG]   Imported: org.apache.maven.lifecycle < plexus.core
[DEBUG]   Imported: org.apache.maven.model < plexus.core
[DEBUG]   Imported: org.apache.maven.monitor < plexus.core
[DEBUG]   Imported: org.apache.maven.plugin < plexus.core
[DEBUG]   Imported: org.apache.maven.profiles < plexus.core
[DEBUG]   Imported: org.apache.maven.project < plexus.core
[DEBUG]   Imported: org.apache.maven.reporting < plexus.core
[DEBUG]   Imported: org.apache.maven.repository < plexus.core
[DEBUG]   Imported: org.apache.maven.rtinfo < plexus.core
[DEBUG]   Imported: org.apache.maven.settings < plexus.core
[DEBUG]   Imported: org.apache.maven.toolchain < plexus.core
[DEBUG]   Imported: org.apache.maven.usability < plexus.core
[DEBUG]   Imported: org.apache.maven.wagon.* < plexus.core
[DEBUG]   Imported: org.apache.maven.wagon.authentication < plexus.core
[DEBUG]   Imported: org.apache.maven.wagon.authorization < plexus.core
[DEBUG]   Imported: org.apache.maven.wagon.events < plexus.core
[DEBUG]   Imported: org.apache.maven.wagon.observers < plexus.core
[DEBUG]   Imported: org.apache.maven.wagon.proxy < plexus.core
[DEBUG]   Imported: org.apache.maven.wagon.repository < plexus.core
[DEBUG]   Imported: org.apache.maven.wagon.resource < plexus.core
[DEBUG]   Imported: org.codehaus.classworlds < plexus.core
[DEBUG]   Imported: org.codehaus.plexus.* < plexus.core
[DEBUG]   Imported: org.codehaus.plexus.classworlds < plexus.core
[DEBUG]   Imported: org.codehaus.plexus.component < plexus.core
[DEBUG]   Imported: org.codehaus.plexus.configuration < plexus.core
[DEBUG]   Imported: org.codehaus.plexus.container < plexus.core
[DEBUG]   Imported: org.codehaus.plexus.context < plexus.core
[DEBUG]   Imported: org.codehaus.plexus.lifecycle < plexus.core
[DEBUG]   Imported: org.codehaus.plexus.logging < plexus.core
[DEBUG]   Imported: org.codehaus.plexus.personality < plexus.core
[DEBUG]   Imported: org.codehaus.plexus.util.xml.Xpp3Dom < plexus.core
[DEBUG]   Imported: org.codehaus.plexus.util.xml.pull.XmlPullParser < plexus.core
[DEBUG]   Imported: org.codehaus.plexus.util.xml.pull.XmlPullParserException < plexus.core
[DEBUG]   Imported: org.codehaus.plexus.util.xml.pull.XmlSerializer < plexus.core
[DEBUG]   Imported: org.eclipse.aether.* < plexus.core
[DEBUG]   Imported: org.eclipse.aether.artifact < plexus.core
[DEBUG]   Imported: org.eclipse.aether.collection < plexus.core
[DEBUG]   Imported: org.eclipse.aether.deployment < plexus.core
[DEBUG]   Imported: org.eclipse.aether.graph < plexus.core
[DEBUG]   Imported: org.eclipse.aether.impl < plexus.core
[DEBUG]   Imported: org.eclipse.aether.installation < plexus.core
[DEBUG]   Imported: org.eclipse.aether.internal.impl < plexus.core
[DEBUG]   Imported: org.eclipse.aether.metadata < plexus.core
[DEBUG]   Imported: org.eclipse.aether.repository < plexus.core
[DEBUG]   Imported: org.eclipse.aether.resolution < plexus.core
[DEBUG]   Imported: org.eclipse.aether.spi < plexus.core
[DEBUG]   Imported: org.eclipse.aether.transfer < plexus.core
[DEBUG]   Imported: org.eclipse.aether.util < plexus.core
[DEBUG]   Imported: org.eclipse.aether.version < plexus.core
[DEBUG]   Imported: org.fusesource.jansi.* < plexus.core
[DEBUG]   Imported: org.slf4j.* < plexus.core
[DEBUG]   Imported: org.slf4j.event.* < plexus.core
[DEBUG]   Imported: org.slf4j.helpers.* < plexus.core
[DEBUG]   Imported: org.slf4j.spi.* < plexus.core
[DEBUG] Populating class realm maven.api
[DEBUG] Created adapter factory; available factories [file-lock, rwlock-local, semaphore-local, noop]; available name mappers [discriminating, file-gav, file-hgav, file-static, gav, static]
[INFO] Error stacktraces are turned on.
[DEBUG] Message scheme: color
[DEBUG] Message styles: debug info warning error success failure strong mojo project
[DEBUG] Reading global settings from C:\apache-maven-3.9.10\conf\settings.xml
[DEBUG] Reading user settings from C:\Users\etoun\.m2\settings.xml
[DEBUG] Reading global toolchains from C:\apache-maven-3.9.10\conf\toolchains.xml
[DEBUG] Reading user toolchains from C:\Users\etoun\.m2\toolchains.xml
[DEBUG] Using local repository at C:\Users\etoun\.m2\repository
[DEBUG] Using manager EnhancedLocalRepositoryManager with priority 10.0 for C:\Users\etoun\.m2\repository
[INFO] Scanning for projects...
[DEBUG] Creating adapter using nameMapper 'gav' and factory 'rwlock-local'
[DEBUG] Extension realms for project com.team48:inscription-scolaire:jar:0.0.1-SNAPSHOT: (none)
[DEBUG] Looking up lifecycle mappings for packaging jar from ClassRealm[plexus.core, parent: null]
[DEBUG] Extension realms for project org.springframework.boot:spring-boot-starter-parent:pom:3.5.3: (none)
[DEBUG] Looking up lifecycle mappings for packaging pom from ClassRealm[plexus.core, parent: null]
[DEBUG] Extension realms for project org.springframework.boot:spring-boot-dependencies:pom:3.5.3: (none)
[DEBUG] Looking up lifecycle mappings for packaging pom from ClassRealm[plexus.core, parent: null]
[DEBUG] === REACTOR BUILD PLAN ================================================
[DEBUG] Project: com.team48:inscription-scolaire:jar:0.0.1-SNAPSHOT
[DEBUG] Tasks:   [clean, compile]
[DEBUG] Style:   Regular
[DEBUG] =======================================================================
[INFO] 
[INFO] ------------------< com.team48:inscription-scolaire >-------------------
[INFO] Building inscription-scolaire 0.0.1-SNAPSHOT
[INFO]   from pom.xml
[INFO] --------------------------------[ jar ]---------------------------------
[DEBUG] Lifecycle clean -> [pre-clean, clean, post-clean]
[DEBUG] Lifecycle default -> [validate, initialize, generate-sources, process-sources, generate-resources, process-resources, compile, process-classes, generate-test-sources, process-test-sources, generate-test-resources, process-test-resources, test-compile, process-test-classes, test, prepare-package, package, pre-integration-test, integration-test, post-integration-test, verify, install, deploy]
[DEBUG] Lifecycle site -> [pre-site, site, post-site, site-deploy]
[DEBUG] Lifecycle clean -> [pre-clean, clean, post-clean]
[DEBUG] Lifecycle default -> [validate, initialize, generate-sources, process-sources, generate-resources, process-resources, compile, process-classes, generate-test-sources, process-test-sources, generate-test-resources, process-test-resources, test-compile, process-test-classes, test, prepare-package, package, pre-integration-test, integration-test, post-integration-test, verify, install, deploy]
[DEBUG] Lifecycle site -> [pre-site, site, post-site, site-deploy]
[DEBUG] Lifecycle clean -> [pre-clean, clean, post-clean]
[DEBUG] Lifecycle default -> [validate, initialize, generate-sources, process-sources, generate-resources, process-resources, compile, process-classes, generate-test-sources, process-test-sources, generate-test-resources, process-test-resources, test-compile, process-test-classes, test, prepare-package, package, pre-integration-test, integration-test, post-integration-test, verify, install, deploy]
[DEBUG] Lifecycle site -> [pre-site, site, post-site, site-deploy]
[DEBUG] Lifecycle clean -> [pre-clean, clean, post-clean]
[DEBUG] Lifecycle default -> [validate, initialize, generate-sources, process-sources, generate-resources, process-resources, compile, process-classes, generate-test-sources, process-test-sources, generate-test-resources, process-test-resources, test-compile, process-test-classes, test, prepare-package, package, pre-integration-test, integration-test, post-integration-test, verify, install, deploy]
[DEBUG] Lifecycle site -> [pre-site, site, post-site, site-deploy]
[DEBUG] Lifecycle clean -> [pre-clean, clean, post-clean]
[DEBUG] Lifecycle default -> [validate, initialize, generate-sources, process-sources, generate-resources, process-resources, compile, process-classes, generate-test-sources, process-test-sources, generate-test-resources, process-test-resources, test-compile, process-test-classes, test, prepare-package, package, pre-integration-test, integration-test, post-integration-test, verify, install, deploy]
[DEBUG] Lifecycle site -> [pre-site, site, post-site, site-deploy]
[DEBUG] === PROJECT BUILD PLAN ================================================
[DEBUG] Project:       com.team48:inscription-scolaire:0.0.1-SNAPSHOT
[DEBUG] Dependencies (collect): []
[DEBUG] Dependencies (resolve): [compile]
[DEBUG] Repositories (dependencies): [central (https://repo.maven.apache.org/maven2, default, releases)]
[DEBUG] Repositories (plugins)     : [central (https://repo.maven.apache.org/maven2, default, releases)]
[DEBUG] -----------------------------------------------------------------------
[DEBUG] Goal:          org.apache.maven.plugins:maven-clean-plugin:3.4.1:clean (default-clean)
[DEBUG] Style:         Regular
[DEBUG] Configuration: <?xml version="1.0" encoding="UTF-8"?>
<configuration>
  <directory default-value="${project.build.directory}"/>
  <excludeDefaultDirectories default-value="false">${maven.clean.excludeDefaultDirectories}</excludeDefaultDirectories>
  <failOnError default-value="true">${maven.clean.failOnError}</failOnError>
  <fast default-value="false">${maven.clean.fast}</fast>
  <fastDir>${maven.clean.fastDir}</fastDir>
  <fastMode default-value="background">${maven.clean.fastMode}</fastMode>
  <followSymLinks default-value="false">${maven.clean.followSymLinks}</followSymLinks>
  <outputDirectory default-value="${project.build.outputDirectory}"/>
  <reportDirectory default-value="${project.build.outputDirectory}"/>
  <retryOnError default-value="true">${maven.clean.retryOnError}</retryOnError>
  <session default-value="${session}"/>
  <skip default-value="false">${maven.clean.skip}</skip>
  <testOutputDirectory default-value="${project.build.testOutputDirectory}"/>
  <verbose>${maven.clean.verbose}</verbose>
</configuration>
[DEBUG] -----------------------------------------------------------------------
[DEBUG] Goal:          org.apache.maven.plugins:maven-resources-plugin:3.3.1:resources (default-resources)
[DEBUG] Style:         Regular
[DEBUG] Configuration: <?xml version="1.0" encoding="UTF-8"?>
<configuration>
  <addDefaultExcludes default-value="true"/>
  <buildFilters default-value="${project.build.filters}"/>
  <delimiters>
    <delimiter>@</delimiter>
  </delimiters>
  <encoding default-value="${project.build.sourceEncoding}"/>
  <escapeWindowsPaths default-value="true"/>
  <fileNameFiltering default-value="false"/>
  <includeEmptyDirs default-value="false"/>
  <outputDirectory default-value="${project.build.outputDirectory}"/>
  <overwrite default-value="false"/>
  <project default-value="${project}"/>
  <propertiesEncoding>UTF-8</propertiesEncoding>
  <resources default-value="${project.resources}"/>
  <session default-value="${session}"/>
  <skip default-value="false">${maven.resources.skip}</skip>
  <supportMultiLineFiltering default-value="false"/>
  <useBuildFilters default-value="true"/>
  <useDefaultDelimiters default-value="true">false</useDefaultDelimiters>
</configuration>
[DEBUG] -----------------------------------------------------------------------
[DEBUG] Goal:          org.apache.maven.plugins:maven-compiler-plugin:3.14.0:compile (default-compile)
[DEBUG] Style:         Regular
[DEBUG] Configuration: <?xml version="1.0" encoding="UTF-8"?>
<configuration>
  <annotationProcessorPaths>
    <path>
      <groupId>org.projectlombok</groupId>
      <artifactId>lombok</artifactId>
      <version>1.18.30</version>
    </path>
    <path>
      <groupId>org.mapstruct</groupId>
      <artifactId>mapstruct-processor</artifactId>
      <version>1.6.3</version>
    </path>
  </annotationProcessorPaths>
  <annotationProcessorPathsUseDepMgmt default-value="false"/>
  <basedir default-value="${basedir}"/>
  <buildDirectory default-value="${project.build.directory}"/>
  <compilePath default-value="${project.compileClasspathElements}"/>
  <compileSourceRoots default-value="${project.compileSourceRoots}"/>
  <compilerId default-value="javac">${maven.compiler.compilerId}</compilerId>
  <compilerReuseStrategy default-value="${reuseCreated}">${maven.compiler.compilerReuseStrategy}</compilerReuseStrategy>
  <compilerVersion>${maven.compiler.compilerVersion}</compilerVersion>
  <createMissingPackageInfoClass default-value="true">${maven.compiler.createMissingPackageInfoClass}</createMissingPackageInfoClass>
  <debug default-value="true">${maven.compiler.debug}</debug>
  <debugFileName default-value="javac"/>
  <debuglevel>${maven.compiler.debuglevel}</debuglevel>
  <enablePreview default-value="false">${maven.compiler.enablePreview}</enablePreview>
  <encoding default-value="${project.build.sourceEncoding}">${encoding}</encoding>
  <executable>${maven.compiler.executable}</executable>
  <failOnError default-value="true">${maven.compiler.failOnError}</failOnError>
  <failOnWarning default-value="false">${maven.compiler.failOnWarning}</failOnWarning>
  <fileExtensions default-value="class,jar"/>
  <forceJavacCompilerUse default-value="false">${maven.compiler.forceJavacCompilerUse}</forceJavacCompilerUse>
  <forceLegacyJavacApi default-value="false">${maven.compiler.forceLegacyJavacApi}</forceLegacyJavacApi>
  <fork default-value="false">${maven.compiler.fork}</fork>
  <generatedSourcesDirectory default-value="${project.build.directory}/generated-sources/annotations"/>
  <implicit>${maven.compiler.implicit}</implicit>
  <maxmem>${maven.compiler.maxmem}</maxmem>
  <meminitial>${maven.compiler.meminitial}</meminitial>
  <moduleVersion default-value="${project.version}">${maven.compiler.moduleVersion}</moduleVersion>
  <mojoExecution default-value="${mojoExecution}"/>
  <optimize default-value="false">${maven.compiler.optimize}</optimize>
  <outputDirectory default-value="${project.build.outputDirectory}">${maven.compiler.outputDirectory}</outputDirectory>
  <outputTimestamp default-value="${project.build.outputTimestamp}"/>
  <parameters default-value="false">true</parameters>
  <proc>${maven.compiler.proc}</proc>
  <project default-value="${project}"/>
  <projectArtifact default-value="${project.artifact}"/>
  <release>${maven.compiler.release}</release>
  <session default-value="${session}"/>
  <showCompilationChanges default-value="false">${maven.compiler.showCompilationChanges}</showCompilationChanges>
  <showDeprecation default-value="false">${maven.compiler.showDeprecation}</showDeprecation>
  <showWarnings default-value="true">${maven.compiler.showWarnings}</showWarnings>
  <skipMain>${maven.main.skip}</skipMain>
  <skipMultiThreadWarning default-value="false">${maven.compiler.skipMultiThreadWarning}</skipMultiThreadWarning>
  <source default-value="1.8">17</source>
  <staleMillis default-value="0">${lastModGranularityMs}</staleMillis>
  <target default-value="1.8">17</target>
  <useIncrementalCompilation default-value="true">${maven.compiler.useIncrementalCompilation}</useIncrementalCompilation>
  <verbose default-value="false">${maven.compiler.verbose}</verbose>
</configuration>
[DEBUG] =======================================================================
[DEBUG] Using mirror maven-default-http-blocker (http://0.0.0.0/) for vaadin-snapshots (http://oss.sonatype.org/content/repositories/vaadin-snapshots/).
[DEBUG] Using mirror maven-default-http-blocker (http://0.0.0.0/) for vaadin-releases (http://oss.sonatype.org/content/repositories/vaadin-releases/).
[DEBUG] Dependency collection stats {ConflictMarker.analyzeTime=1791100, ConflictMarker.markTime=666500, ConflictMarker.nodeCount=318, ConflictIdSorter.graphTime=2211400, ConflictIdSorter.topsortTime=1037600, ConflictIdSorter.conflictIdCount=134, ConflictIdSorter.conflictIdCycleCount=0, ConflictResolver.totalTime=18042000, ConflictResolver.conflictItemCount=278, DfDependencyCollector.collectTime=1238937100, DfDependencyCollector.transformTime=26592400}
[DEBUG] com.team48:inscription-scolaire:jar:0.0.1-SNAPSHOT
[DEBUG]    org.springframework.boot:spring-boot-starter-web:jar:3.5.3:compile
[DEBUG]       org.springframework.boot:spring-boot-starter:jar:3.5.3:compile (version managed from 3.5.3)
[DEBUG]          org.springframework.boot:spring-boot:jar:3.5.3:compile (version managed from 3.5.3)
[DEBUG]          org.springframework.boot:spring-boot-autoconfigure:jar:3.5.3:compile (version managed from 3.5.3)
[DEBUG]          org.springframework.boot:spring-boot-starter-logging:jar:3.5.3:compile (version managed from 3.5.3)
[DEBUG]             ch.qos.logback:logback-classic:jar:1.5.18:compile (version managed from 1.5.18)
[DEBUG]                ch.qos.logback:logback-core:jar:1.5.18:compile (version managed from 1.5.18)
[DEBUG]             org.apache.logging.log4j:log4j-to-slf4j:jar:2.24.3:compile (version managed from 2.24.3)
[DEBUG]                org.apache.logging.log4j:log4j-api:jar:2.24.3:compile (version managed from 2.24.3)
[DEBUG]             org.slf4j:jul-to-slf4j:jar:2.0.17:compile (version managed from 2.0.17)
[DEBUG]          jakarta.annotation:jakarta.annotation-api:jar:2.1.1:compile (version managed from 2.1.1)
[DEBUG]          org.yaml:snakeyaml:jar:2.4:compile (version managed from 2.4)
[DEBUG]       org.springframework.boot:spring-boot-starter-json:jar:3.5.3:compile (version managed from 3.5.3)
[DEBUG]          com.fasterxml.jackson.datatype:jackson-datatype-jdk8:jar:2.19.1:compile (version managed from 2.19.1)
[DEBUG]          com.fasterxml.jackson.datatype:jackson-datatype-jsr310:jar:2.19.1:compile (version managed from 2.19.1)
[DEBUG]          com.fasterxml.jackson.module:jackson-module-parameter-names:jar:2.19.1:compile (version managed from 2.19.1)
[DEBUG]       org.springframework.boot:spring-boot-starter-tomcat:jar:3.5.3:compile (version managed from 3.5.3)
[DEBUG]          org.apache.tomcat.embed:tomcat-embed-core:jar:10.1.42:compile (version managed from 10.1.42)
[DEBUG]          org.apache.tomcat.embed:tomcat-embed-el:jar:10.1.42:compile (version managed from 10.1.42)
[DEBUG]          org.apache.tomcat.embed:tomcat-embed-websocket:jar:10.1.42:compile (version managed from 10.1.42)
[DEBUG]       org.springframework:spring-web:jar:6.2.8:compile (version managed from 6.2.8)
[DEBUG]          org.springframework:spring-beans:jar:6.2.8:compile (version managed from 6.2.8)
[DEBUG]          io.micrometer:micrometer-observation:jar:1.15.1:compile (version managed from 1.14.8)
[DEBUG]             io.micrometer:micrometer-commons:jar:1.15.1:compile (version managed from 1.15.1)
[DEBUG]       org.springframework:spring-webmvc:jar:6.2.8:compile (version managed from 6.2.8)
[DEBUG]          org.springframework:spring-context:jar:6.2.8:compile (version managed from 6.2.8)
[DEBUG]          org.springframework:spring-expression:jar:6.2.8:compile (version managed from 6.2.8)
[DEBUG]    org.springframework.boot:spring-boot-starter-data-jpa:jar:3.5.3:compile
[DEBUG]       org.springframework.boot:spring-boot-starter-jdbc:jar:3.5.3:compile (version managed from 3.5.3)
[DEBUG]          com.zaxxer:HikariCP:jar:6.3.0:compile (version managed from 6.3.0)
[DEBUG]          org.springframework:spring-jdbc:jar:6.2.8:compile (version managed from 6.2.8)
[DEBUG]       org.hibernate.orm:hibernate-core:jar:6.6.18.Final:compile (version managed from 6.6.18.Final)
[DEBUG]          jakarta.persistence:jakarta.persistence-api:jar:3.1.0:compile (version managed from 3.1.0)
[DEBUG]          jakarta.transaction:jakarta.transaction-api:jar:2.0.1:compile (version managed from 2.0.1)
[DEBUG]          org.jboss.logging:jboss-logging:jar:3.6.1.Final:runtime (version managed from 3.5.0.Final)
[DEBUG]          org.hibernate.common:hibernate-commons-annotations:jar:7.0.3.Final:runtime
[DEBUG]          io.smallrye:jandex:jar:3.2.0:runtime
[DEBUG]          com.fasterxml:classmate:jar:1.7.0:runtime (version managed from 1.5.1)
[DEBUG]          net.bytebuddy:byte-buddy:jar:1.17.6:runtime (version managed from 1.15.11)
[DEBUG]          org.glassfish.jaxb:jaxb-runtime:jar:4.0.5:runtime (version managed from 4.0.2)
[DEBUG]             org.glassfish.jaxb:jaxb-core:jar:4.0.5:runtime (version managed from 4.0.5)
[DEBUG]                org.glassfish.jaxb:txw2:jar:4.0.5:runtime (version managed from 4.0.5)
[DEBUG]                com.sun.istack:istack-commons-runtime:jar:4.1.2:runtime (version managed from 4.1.2)
[DEBUG]          jakarta.inject:jakarta.inject-api:jar:2.0.1:runtime (version managed from 2.0.1)
[DEBUG]          org.antlr:antlr4-runtime:jar:4.13.0:compile
[DEBUG]       org.springframework.data:spring-data-jpa:jar:3.5.1:compile (version managed from 3.5.1)
[DEBUG]          org.springframework.data:spring-data-commons:jar:3.5.1:compile (version managed from 3.5.1)
[DEBUG]          org.springframework:spring-orm:jar:6.2.8:compile (version managed from 6.2.8)
[DEBUG]          org.springframework:spring-tx:jar:6.2.8:compile (version managed from 6.2.8)
[DEBUG]          org.slf4j:slf4j-api:jar:2.0.17:compile (version managed from 2.0.2)
[DEBUG]       org.springframework:spring-aspects:jar:6.2.8:compile (version managed from 6.2.8)
[DEBUG]          org.aspectj:aspectjweaver:jar:1.9.24:compile (version managed from 1.9.22.1)
[DEBUG]    org.springframework.boot:spring-boot-starter-security:jar:3.5.3:compile
[DEBUG]       org.springframework:spring-aop:jar:6.2.8:compile (version managed from 6.2.8)
[DEBUG]       org.springframework.security:spring-security-config:jar:6.5.1:compile (version managed from 6.5.1)
[DEBUG]       org.springframework.security:spring-security-web:jar:6.5.1:compile (version managed from 6.5.1)
[DEBUG]    org.springframework.boot:spring-boot-starter-mail:jar:3.5.3:compile
[DEBUG]       org.springframework:spring-context-support:jar:6.2.8:compile (version managed from 6.2.8)
[DEBUG]       org.eclipse.angus:jakarta.mail:jar:2.0.3:compile (version managed from 2.0.3)
[DEBUG]          jakarta.activation:jakarta.activation-api:jar:2.1.3:compile (version managed from 2.1.3)
[DEBUG]          org.eclipse.angus:angus-activation:jar:2.0.2:runtime (version managed from 2.0.2)
[DEBUG]    org.springframework.boot:spring-boot-starter-oauth2-client:jar:3.5.3:compile
[DEBUG]       org.springframework.security:spring-security-core:jar:6.5.1:compile (version managed from 6.5.1)
[DEBUG]          org.springframework.security:spring-security-crypto:jar:6.5.1:compile (version managed from 6.5.1)
[DEBUG]       org.springframework.security:spring-security-oauth2-client:jar:6.5.1:compile (version managed from 6.5.1)
[DEBUG]          org.springframework.security:spring-security-oauth2-core:jar:6.5.1:compile (version managed from 6.5.1)
[DEBUG]          com.nimbusds:oauth2-oidc-sdk:jar:9.43.6:compile
[DEBUG]             com.github.stephenc.jcip:jcip-annotations:jar:1.0-1:compile
[DEBUG]             com.nimbusds:content-type:jar:2.2:compile
[DEBUG]             com.nimbusds:lang-tag:jar:1.7:compile
[DEBUG]       org.springframework.security:spring-security-oauth2-jose:jar:6.5.1:compile (version managed from 6.5.1)
[DEBUG]          com.nimbusds:nimbus-jose-jwt:jar:9.37.3:compile
[DEBUG]    org.postgresql:postgresql:jar:42.7.7:runtime
[DEBUG]       org.checkerframework:checker-qual:jar:3.49.3:runtime
[DEBUG]    com.asprise.ocr:java-ocr-api:jar:15.3.0.3:compile
[DEBUG]    io.jsonwebtoken:jjwt-api:jar:0.12.6:compile
[DEBUG]    io.jsonwebtoken:jjwt-impl:jar:0.12.6:runtime
[DEBUG]    io.jsonwebtoken:jjwt-jackson:jar:0.12.6:runtime
[DEBUG]       com.fasterxml.jackson.core:jackson-databind:jar:2.19.1:compile (version managed from 2.12.7.1)
[DEBUG]          com.fasterxml.jackson.core:jackson-annotations:jar:2.19.1:compile (version managed from 2.19.1)
[DEBUG]          com.fasterxml.jackson.core:jackson-core:jar:2.19.1:compile (version managed from 2.19.1)
[DEBUG]    org.springdoc:springdoc-openapi-starter-webmvc-ui:jar:2.8.6:compile
[DEBUG]       org.springdoc:springdoc-openapi-starter-webmvc-api:jar:2.8.6:compile
[DEBUG]          org.springdoc:springdoc-openapi-starter-common:jar:2.8.6:compile
[DEBUG]             io.swagger.core.v3:swagger-core-jakarta:jar:2.2.29:compile
[DEBUG]                org.apache.commons:commons-lang3:jar:3.17.0:compile (version managed from 3.17.0)
[DEBUG]                io.swagger.core.v3:swagger-annotations-jakarta:jar:2.2.29:compile
[DEBUG]                io.swagger.core.v3:swagger-models-jakarta:jar:2.2.29:compile
[DEBUG]                jakarta.validation:jakarta.validation-api:jar:3.0.2:compile (version managed from 3.0.2)
[DEBUG]                com.fasterxml.jackson.dataformat:jackson-dataformat-yaml:jar:2.19.1:compile (version managed from 2.18.2)
[DEBUG]       org.webjars:swagger-ui:jar:5.20.1:compile
[DEBUG]       org.webjars:webjars-locator-lite:jar:1.1.0:compile (version managed from 1.0.1)
[DEBUG]          org.jspecify:jspecify:jar:1.0.0:compile (version managed from 1.0.0)
[DEBUG]    commons-io:commons-io:jar:2.19.0:compile
[DEBUG]    org.springframework.boot:spring-boot-starter-websocket:jar:3.5.3:compile
[DEBUG]       org.springframework:spring-messaging:jar:6.2.8:compile (version managed from 6.2.8)
[DEBUG]       org.springframework:spring-websocket:jar:6.2.8:compile (version managed from 6.2.8)
[DEBUG]    org.projectlombok:lombok:jar:1.18.38:provided
[DEBUG]    org.mapstruct:mapstruct:jar:1.6.3:compile
[DEBUG]    com.stripe:stripe-java:jar:29.4.0:compile
[DEBUG]       com.google.code.gson:gson:jar:2.13.1:runtime (version managed from 2.10.1)
[DEBUG]          com.google.errorprone:error_prone_annotations:jar:2.38.0:runtime
[DEBUG]    org.springframework.boot:spring-boot-starter-test:jar:3.5.3:test
[DEBUG]       org.springframework.boot:spring-boot-test:jar:3.5.3:test (version managed from 3.5.3)
[DEBUG]       org.springframework.boot:spring-boot-test-autoconfigure:jar:3.5.3:test (version managed from 3.5.3)
[DEBUG]       com.jayway.jsonpath:json-path:jar:2.9.0:test (version managed from 2.9.0)
[DEBUG]       jakarta.xml.bind:jakarta.xml.bind-api:jar:4.0.2:compile (version managed from 4.0.2)
[DEBUG]       net.minidev:json-smart:jar:2.5.2:compile (version managed from 2.5.2)
[DEBUG]          net.minidev:accessors-smart:jar:2.5.2:compile
[DEBUG]             org.ow2.asm:asm:jar:9.7.1:compile
[DEBUG]       org.assertj:assertj-core:jar:3.27.3:test (version managed from 3.27.3)
[DEBUG]       org.awaitility:awaitility:jar:4.2.2:test (version managed from 4.2.2)
[DEBUG]       org.hamcrest:hamcrest:jar:3.0:test (version managed from 3.0)
[DEBUG]       org.junit.jupiter:junit-jupiter:jar:5.12.2:test (version managed from 5.12.2)
[DEBUG]          org.junit.jupiter:junit-jupiter-api:jar:5.12.2:test (version managed from 5.12.2)
[DEBUG]             org.opentest4j:opentest4j:jar:1.3.0:test
[DEBUG]             org.junit.platform:junit-platform-commons:jar:1.12.2:test (version managed from 1.12.2)
[DEBUG]             org.apiguardian:apiguardian-api:jar:1.1.2:test
[DEBUG]          org.junit.jupiter:junit-jupiter-params:jar:5.12.2:test (version managed from 5.12.2)
[DEBUG]          org.junit.jupiter:junit-jupiter-engine:jar:5.12.2:test (version managed from 5.12.2)
[DEBUG]             org.junit.platform:junit-platform-engine:jar:1.12.2:test (version managed from 1.12.2)
[DEBUG]       org.mockito:mockito-core:jar:5.17.0:test (version managed from 5.17.0)
[DEBUG]          net.bytebuddy:byte-buddy-agent:jar:1.17.6:test (version managed from 1.15.11)
[DEBUG]          org.objenesis:objenesis:jar:3.3:test
[DEBUG]       org.mockito:mockito-junit-jupiter:jar:5.17.0:test (version managed from 5.17.0)
[DEBUG]       org.skyscreamer:jsonassert:jar:1.5.3:test (version managed from 1.5.3)
[DEBUG]          com.vaadin.external.google:android-json:jar:0.0.20131108.vaadin1:test
[DEBUG]       org.springframework:spring-core:jar:6.2.8:compile (version managed from 6.2.8)
[DEBUG]          org.springframework:spring-jcl:jar:6.2.8:compile (version managed from 6.2.8)
[DEBUG]       org.springframework:spring-test:jar:6.2.8:test (version managed from 6.2.8)
[DEBUG]       org.xmlunit:xmlunit-core:jar:2.10.2:test (version managed from 2.10.2)
[DEBUG]    org.springframework.security:spring-security-test:jar:6.5.1:test
[DEBUG]    me.paulschwarz:spring-dotenv:jar:2.5.4:compile
[DEBUG]       io.github.cdimascio:dotenv-java:jar:2.2.3:runtime
[INFO] 
[INFO] --- clean:3.4.1:clean (default-clean) @ inscription-scolaire ---
[DEBUG] Dependency collection stats {ConflictMarker.analyzeTime=137600, ConflictMarker.markTime=120300, ConflictMarker.nodeCount=2, ConflictIdSorter.graphTime=75400, ConflictIdSorter.topsortTime=18700, ConflictIdSorter.conflictIdCount=2, ConflictIdSorter.conflictIdCycleCount=0, ConflictResolver.totalTime=158000, ConflictResolver.conflictItemCount=2, DfDependencyCollector.collectTime=22593300, DfDependencyCollector.transformTime=543000}
[DEBUG] org.apache.maven.plugins:maven-clean-plugin:jar:3.4.1
[DEBUG]    org.codehaus.plexus:plexus-utils:jar:4.0.1:compile
[DEBUG] Created new class realm plugin>org.apache.maven.plugins:maven-clean-plugin:3.4.1
[DEBUG] Importing foreign packages into class realm plugin>org.apache.maven.plugins:maven-clean-plugin:3.4.1
[DEBUG]   Imported:  < maven.api
[DEBUG] Populating class realm plugin>org.apache.maven.plugins:maven-clean-plugin:3.4.1
[DEBUG]   Included: org.apache.maven.plugins:maven-clean-plugin:jar:3.4.1
[DEBUG]   Included: org.codehaus.plexus:plexus-utils:jar:4.0.1
[DEBUG] Loading mojo org.apache.maven.plugins:maven-clean-plugin:3.4.1:clean from plugin realm ClassRealm[plugin>org.apache.maven.plugins:maven-clean-plugin:3.4.1, parent: jdk.internal.loader.ClassLoaders$AppClassLoader@73d16e93]
[DEBUG] Configuring mojo execution 'org.apache.maven.plugins:maven-clean-plugin:3.4.1:clean:default-clean' with basic configurator -->
[DEBUG]   (f) directory = C:\Users\etoun\Documents\pk48\inscription\soumettre\backend\target
[DEBUG]   (f) excludeDefaultDirectories = false
[DEBUG]   (f) failOnError = true
[DEBUG]   (f) fast = false
[DEBUG]   (f) fastMode = background
[DEBUG]   (f) followSymLinks = false
[DEBUG]   (f) outputDirectory = C:\Users\etoun\Documents\pk48\inscription\soumettre\backend\target\classes
[DEBUG]   (f) reportDirectory = C:\Users\etoun\Documents\pk48\inscription\soumettre\backend\target\classes
[DEBUG]   (f) retryOnError = true
[DEBUG]   (f) session = org.apache.maven.execution.MavenSession@47be0f9b
[DEBUG]   (f) skip = false
[DEBUG]   (f) testOutputDirectory = C:\Users\etoun\Documents\pk48\inscription\soumettre\backend\target\test-classes
[DEBUG] -- end configuration --
[INFO] Deleting C:\Users\etoun\Documents\pk48\inscription\soumettre\backend\target
[INFO] Deleting file C:\Users\etoun\Documents\pk48\inscription\soumettre\backend\target\classes\API_ENDPOINTS_DOCUMENTATION.md
[INFO] Deleting file C:\Users\etoun\Documents\pk48\inscription\soumettre\backend\target\classes\API_ENDPOINTS_DOCUMENTATION_CORRECTED.md
[INFO] Deleting file C:\Users\etoun\Documents\pk48\inscription\soumettre\backend\target\classes\application.properties
[INFO] Deleting file C:\Users\etoun\Documents\pk48\inscription\soumettre\backend\target\classes\com\team48\inscriptionscolaire\admin\Admin$AdminBuilder.class
[INFO] Deleting file C:\Users\etoun\Documents\pk48\inscription\soumettre\backend\target\classes\com\team48\inscriptionscolaire\admin\Admin$AdminBuilderImpl.class
[INFO] Deleting file C:\Users\etoun\Documents\pk48\inscription\soumettre\backend\target\classes\com\team48\inscriptionscolaire\admin\Admin.class
[INFO] Deleting file C:\Users\etoun\Documents\pk48\inscription\soumettre\backend\target\classes\com\team48\inscriptionscolaire\admin\AdminMapper.class
[INFO] Deleting file C:\Users\etoun\Documents\pk48\inscription\soumettre\backend\target\classes\com\team48\inscriptionscolaire\admin\AdminRequestDto.class
[INFO] Deleting file C:\Users\etoun\Documents\pk48\inscription\soumettre\backend\target\classes\com\team48\inscriptionscolaire\admin\AdminResponseDto.class
[INFO] Deleting directory C:\Users\etoun\Documents\pk48\inscription\soumettre\backend\target\classes\com\team48\inscriptionscolaire\admin
[INFO] Deleting file C:\Users\etoun\Documents\pk48\inscription\soumettre\backend\target\classes\com\team48\inscriptionscolaire\auth\AuthenticationController.class
[INFO] Deleting file C:\Users\etoun\Documents\pk48\inscription\soumettre\backend\target\classes\com\team48\inscriptionscolaire\auth\AuthenticationRequest$AuthenticationRequestBuilder.class
[INFO] Deleting file C:\Users\etoun\Documents\pk48\inscription\soumettre\backend\target\classes\com\team48\inscriptionscolaire\auth\AuthenticationRequest.class
[INFO] Deleting file C:\Users\etoun\Documents\pk48\inscription\soumettre\backend\target\classes\com\team48\inscriptionscolaire\auth\AuthenticationResponse$AuthenticationResponseBuilder.class
[INFO] Deleting file C:\Users\etoun\Documents\pk48\inscription\soumettre\backend\target\classes\com\team48\inscriptionscolaire\auth\AuthenticationResponse.class
[INFO] Deleting file C:\Users\etoun\Documents\pk48\inscription\soumettre\backend\target\classes\com\team48\inscriptionscolaire\auth\AuthenticationService.class
[INFO] Deleting file C:\Users\etoun\Documents\pk48\inscription\soumettre\backend\target\classes\com\team48\inscriptionscolaire\auth\PasswordResetRequest.class
[INFO] Deleting file C:\Users\etoun\Documents\pk48\inscription\soumettre\backend\target\classes\com\team48\inscriptionscolaire\auth\RegistrationRequest$RegistrationRequestBuilder.class
[INFO] Deleting file C:\Users\etoun\Documents\pk48\inscription\soumettre\backend\target\classes\com\team48\inscriptionscolaire\auth\RegistrationRequest.class
[INFO] Deleting directory C:\Users\etoun\Documents\pk48\inscription\soumettre\backend\target\classes\com\team48\inscriptionscolaire\auth
[INFO] Deleting file C:\Users\etoun\Documents\pk48\inscription\soumettre\backend\target\classes\com\team48\inscriptionscolaire\common\BaseEntity$BaseEntityBuilder.class
[INFO] Deleting file C:\Users\etoun\Documents\pk48\inscription\soumettre\backend\target\classes\com\team48\inscriptionscolaire\common\BaseEntity$BaseEntityBuilderImpl.class
[INFO] Deleting file C:\Users\etoun\Documents\pk48\inscription\soumettre\backend\target\classes\com\team48\inscriptionscolaire\common\BaseEntity.class
[INFO] Deleting file C:\Users\etoun\Documents\pk48\inscription\soumettre\backend\target\classes\com\team48\inscriptionscolaire\common\PageResponse$PageResponseBuilder.class
[INFO] Deleting file C:\Users\etoun\Documents\pk48\inscription\soumettre\backend\target\classes\com\team48\inscriptionscolaire\common\PageResponse.class
[INFO] Deleting directory C:\Users\etoun\Documents\pk48\inscription\soumettre\backend\target\classes\com\team48\inscriptionscolaire\common
[INFO] Deleting file C:\Users\etoun\Documents\pk48\inscription\soumettre\backend\target\classes\com\team48\inscriptionscolaire\config\AppConfig.class
[INFO] Deleting file C:\Users\etoun\Documents\pk48\inscription\soumettre\backend\target\classes\com\team48\inscriptionscolaire\config\ApplicationAuditedAware.class
[INFO] Deleting file C:\Users\etoun\Documents\pk48\inscription\soumettre\backend\target\classes\com\team48\inscriptionscolaire\config\BeansConfig.class
[INFO] Deleting file C:\Users\etoun\Documents\pk48\inscription\soumettre\backend\target\classes\com\team48\inscriptionscolaire\config\CorsConfig$1.class
[INFO] Deleting file C:\Users\etoun\Documents\pk48\inscription\soumettre\backend\target\classes\com\team48\inscriptionscolaire\config\CorsConfig.class
[INFO] Deleting file C:\Users\etoun\Documents\pk48\inscription\soumettre\backend\target\classes\com\team48\inscriptionscolaire\config\DatabaseInitializer.class
[INFO] Deleting file C:\Users\etoun\Documents\pk48\inscription\soumettre\backend\target\classes\com\team48\inscriptionscolaire\config\OpenApiConfig.class
[INFO] Deleting file C:\Users\etoun\Documents\pk48\inscription\soumettre\backend\target\classes\com\team48\inscriptionscolaire\config\StripeConfig.class
[INFO] Deleting file C:\Users\etoun\Documents\pk48\inscription\soumettre\backend\target\classes\com\team48\inscriptionscolaire\config\WebSocketConfig.class
[INFO] Deleting directory C:\Users\etoun\Documents\pk48\inscription\soumettre\backend\target\classes\com\team48\inscriptionscolaire\config
[INFO] Deleting file C:\Users\etoun\Documents\pk48\inscription\soumettre\backend\target\classes\com\team48\inscriptionscolaire\contact\ContactController.class
[INFO] Deleting file C:\Users\etoun\Documents\pk48\inscription\soumettre\backend\target\classes\com\team48\inscriptionscolaire\contact\ContactFormDTO.class
[INFO] Deleting file C:\Users\etoun\Documents\pk48\inscription\soumettre\backend\target\classes\com\team48\inscriptionscolaire\contact\ContactService.class
[INFO] Deleting directory C:\Users\etoun\Documents\pk48\inscription\soumettre\backend\target\classes\com\team48\inscriptionscolaire\contact
[INFO] Deleting file C:\Users\etoun\Documents\pk48\inscription\soumettre\backend\target\classes\com\team48\inscriptionscolaire\document\Document$DocumentBuilder.class
[INFO] Deleting file C:\Users\etoun\Documents\pk48\inscription\soumettre\backend\target\classes\com\team48\inscriptionscolaire\document\Document$DocumentBuilderImpl.class
[INFO] Deleting file C:\Users\etoun\Documents\pk48\inscription\soumettre\backend\target\classes\com\team48\inscriptionscolaire\document\Document.class
[INFO] Deleting file C:\Users\etoun\Documents\pk48\inscription\soumettre\backend\target\classes\com\team48\inscriptionscolaire\document\DocumentController.class
[INFO] Deleting file C:\Users\etoun\Documents\pk48\inscription\soumettre\backend\target\classes\com\team48\inscriptionscolaire\document\DocumentDto$DocumentDtoBuilder.class
[INFO] Deleting file C:\Users\etoun\Documents\pk48\inscription\soumettre\backend\target\classes\com\team48\inscriptionscolaire\document\DocumentDto.class
[INFO] Deleting file C:\Users\etoun\Documents\pk48\inscription\soumettre\backend\target\classes\com\team48\inscriptionscolaire\document\DocumentMapper.class
[INFO] Deleting file C:\Users\etoun\Documents\pk48\inscription\soumettre\backend\target\classes\com\team48\inscriptionscolaire\document\DocumentRepository.class
[INFO] Deleting file C:\Users\etoun\Documents\pk48\inscription\soumettre\backend\target\classes\com\team48\inscriptionscolaire\document\DocumentService.class
[INFO] Deleting file C:\Users\etoun\Documents\pk48\inscription\soumettre\backend\target\classes\com\team48\inscriptionscolaire\document\DocumentTypeSubmitted.class
[INFO] Deleting file C:\Users\etoun\Documents\pk48\inscription\soumettre\backend\target\classes\com\team48\inscriptionscolaire\document\DocumentUtils.class
[INFO] Deleting file C:\Users\etoun\Documents\pk48\inscription\soumettre\backend\target\classes\com\team48\inscriptionscolaire\document\FileUploadConfig.class
[INFO] Deleting file C:\Users\etoun\Documents\pk48\inscription\soumettre\backend\target\classes\com\team48\inscriptionscolaire\document\ValidationStatus.class
[INFO] Deleting directory C:\Users\etoun\Documents\pk48\inscription\soumettre\backend\target\classes\com\team48\inscriptionscolaire\document
[INFO] Deleting file C:\Users\etoun\Documents\pk48\inscription\soumettre\backend\target\classes\com\team48\inscriptionscolaire\email\EmailService.class
[INFO] Deleting file C:\Users\etoun\Documents\pk48\inscription\soumettre\backend\target\classes\com\team48\inscriptionscolaire\email\EmailTemplateName.class
[INFO] Deleting directory C:\Users\etoun\Documents\pk48\inscription\soumettre\backend\target\classes\com\team48\inscriptionscolaire\email
[INFO] Deleting file C:\Users\etoun\Documents\pk48\inscription\soumettre\backend\target\classes\com\team48\inscriptionscolaire\enrollment\AcademicInfo.class
[INFO] Deleting file C:\Users\etoun\Documents\pk48\inscription\soumettre\backend\target\classes\com\team48\inscriptionscolaire\enrollment\AcademicInfoDto.class
[INFO] Deleting file C:\Users\etoun\Documents\pk48\inscription\soumettre\backend\target\classes\com\team48\inscriptionscolaire\enrollment\ContactDetails.class
[INFO] Deleting file C:\Users\etoun\Documents\pk48\inscription\soumettre\backend\target\classes\com\team48\inscriptionscolaire\enrollment\ContactDetailsDto.class
[INFO] Deleting file C:\Users\etoun\Documents\pk48\inscription\soumettre\backend\target\classes\com\team48\inscriptionscolaire\enrollment\EmergencyContact.class
[INFO] Deleting file C:\Users\etoun\Documents\pk48\inscription\soumettre\backend\target\classes\com\team48\inscriptionscolaire\enrollment\EmergencyContactDto.class
[INFO] Deleting file C:\Users\etoun\Documents\pk48\inscription\soumettre\backend\target\classes\com\team48\inscriptionscolaire\enrollment\Enrollment$EnrollmentBuilder.class
[INFO] Deleting file C:\Users\etoun\Documents\pk48\inscription\soumettre\backend\target\classes\com\team48\inscriptionscolaire\enrollment\Enrollment$EnrollmentBuilderImpl.class
[INFO] Deleting file C:\Users\etoun\Documents\pk48\inscription\soumettre\backend\target\classes\com\team48\inscriptionscolaire\enrollment\Enrollment.class
[INFO] Deleting file C:\Users\etoun\Documents\pk48\inscription\soumettre\backend\target\classes\com\team48\inscriptionscolaire\enrollment\EnrollmentController.class
[INFO] Deleting file C:\Users\etoun\Documents\pk48\inscription\soumettre\backend\target\classes\com\team48\inscriptionscolaire\enrollment\EnrollmentDtoResponse.class
[INFO] Deleting file C:\Users\etoun\Documents\pk48\inscription\soumettre\backend\target\classes\com\team48\inscriptionscolaire\enrollment\EnrollmentRepository.class
[INFO] Deleting file C:\Users\etoun\Documents\pk48\inscription\soumettre\backend\target\classes\com\team48\inscriptionscolaire\enrollment\EnrollmentService$DocumentCorrectionDto.class
[INFO] Deleting file C:\Users\etoun\Documents\pk48\inscription\soumettre\backend\target\classes\com\team48\inscriptionscolaire\enrollment\EnrollmentService.class
[INFO] Deleting file C:\Users\etoun\Documents\pk48\inscription\soumettre\backend\target\classes\com\team48\inscriptionscolaire\enrollment\PersonalInfo.class
[INFO] Deleting file C:\Users\etoun\Documents\pk48\inscription\soumettre\backend\target\classes\com\team48\inscriptionscolaire\enrollment\PersonalInfoDto.class
[INFO] Deleting file C:\Users\etoun\Documents\pk48\inscription\soumettre\backend\target\classes\com\team48\inscriptionscolaire\enrollment\RejectionReasonDto.class
[INFO] Deleting file C:\Users\etoun\Documents\pk48\inscription\soumettre\backend\target\classes\com\team48\inscriptionscolaire\enrollment\StatusSubmission.class
[INFO] Deleting directory C:\Users\etoun\Documents\pk48\inscription\soumettre\backend\target\classes\com\team48\inscriptionscolaire\enrollment
[INFO] Deleting file C:\Users\etoun\Documents\pk48\inscription\soumettre\backend\target\classes\com\team48\inscriptionscolaire\InscriptionScolaireApplication.class
[INFO] Deleting file C:\Users\etoun\Documents\pk48\inscription\soumettre\backend\target\classes\com\team48\inscriptionscolaire\learnModule\LearnModule$LearnModuleBuilder.class
[INFO] Deleting file C:\Users\etoun\Documents\pk48\inscription\soumettre\backend\target\classes\com\team48\inscriptionscolaire\learnModule\LearnModule$LearnModuleBuilderImpl.class
[INFO] Deleting file C:\Users\etoun\Documents\pk48\inscription\soumettre\backend\target\classes\com\team48\inscriptionscolaire\learnModule\LearnModule.class
[INFO] Deleting file C:\Users\etoun\Documents\pk48\inscription\soumettre\backend\target\classes\com\team48\inscriptionscolaire\learnModule\LearnModuleRepository.class
[INFO] Deleting directory C:\Users\etoun\Documents\pk48\inscription\soumettre\backend\target\classes\com\team48\inscriptionscolaire\learnModule
[INFO] Deleting file C:\Users\etoun\Documents\pk48\inscription\soumettre\backend\target\classes\com\team48\inscriptionscolaire\payment\Payment$PaymentBuilder.class
[INFO] Deleting file C:\Users\etoun\Documents\pk48\inscription\soumettre\backend\target\classes\com\team48\inscriptionscolaire\payment\Payment$PaymentBuilderImpl.class
[INFO] Deleting file C:\Users\etoun\Documents\pk48\inscription\soumettre\backend\target\classes\com\team48\inscriptionscolaire\payment\Payment.class
[INFO] Deleting file C:\Users\etoun\Documents\pk48\inscription\soumettre\backend\target\classes\com\team48\inscriptionscolaire\payment\PaymentType.class
[INFO] Deleting directory C:\Users\etoun\Documents\pk48\inscription\soumettre\backend\target\classes\com\team48\inscriptionscolaire\payment
[INFO] Deleting file C:\Users\etoun\Documents\pk48\inscription\soumettre\backend\target\classes\com\team48\inscriptionscolaire\program\Program$ProgramBuilder.class
[INFO] Deleting file C:\Users\etoun\Documents\pk48\inscription\soumettre\backend\target\classes\com\team48\inscriptionscolaire\program\Program$ProgramBuilderImpl.class
[INFO] Deleting file C:\Users\etoun\Documents\pk48\inscription\soumettre\backend\target\classes\com\team48\inscriptionscolaire\program\Program.class
[INFO] Deleting file C:\Users\etoun\Documents\pk48\inscription\soumettre\backend\target\classes\com\team48\inscriptionscolaire\program\ProgramRepository.class
[INFO] Deleting directory C:\Users\etoun\Documents\pk48\inscription\soumettre\backend\target\classes\com\team48\inscriptionscolaire\program
[INFO] Deleting file C:\Users\etoun\Documents\pk48\inscription\soumettre\backend\target\classes\com\team48\inscriptionscolaire\role\Role$RoleBuilder.class
[INFO] Deleting file C:\Users\etoun\Documents\pk48\inscription\soumettre\backend\target\classes\com\team48\inscriptionscolaire\role\Role.class
[INFO] Deleting file C:\Users\etoun\Documents\pk48\inscription\soumettre\backend\target\classes\com\team48\inscriptionscolaire\role\RoleRepository.class
[INFO] Deleting directory C:\Users\etoun\Documents\pk48\inscription\soumettre\backend\target\classes\com\team48\inscriptionscolaire\role
[INFO] Deleting file C:\Users\etoun\Documents\pk48\inscription\soumettre\backend\target\classes\com\team48\inscriptionscolaire\security\JwtService.class
[INFO] Deleting directory C:\Users\etoun\Documents\pk48\inscription\soumettre\backend\target\classes\com\team48\inscriptionscolaire\security
[INFO] Deleting file C:\Users\etoun\Documents\pk48\inscription\soumettre\backend\target\classes\com\team48\inscriptionscolaire\stripe\PaymentRequestDto.class
[INFO] Deleting file C:\Users\etoun\Documents\pk48\inscription\soumettre\backend\target\classes\com\team48\inscriptionscolaire\stripe\PaymentResponseDto.class
[INFO] Deleting file C:\Users\etoun\Documents\pk48\inscription\soumettre\backend\target\classes\com\team48\inscriptionscolaire\stripe\PaymentService.class
[INFO] Deleting directory C:\Users\etoun\Documents\pk48\inscription\soumettre\backend\target\classes\com\team48\inscriptionscolaire\stripe
[INFO] Deleting file C:\Users\etoun\Documents\pk48\inscription\soumettre\backend\target\classes\com\team48\inscriptionscolaire\student\Student$StudentBuilder.class
[INFO] Deleting file C:\Users\etoun\Documents\pk48\inscription\soumettre\backend\target\classes\com\team48\inscriptionscolaire\student\Student$StudentBuilderImpl.class
[INFO] Deleting file C:\Users\etoun\Documents\pk48\inscription\soumettre\backend\target\classes\com\team48\inscriptionscolaire\student\Student.class
[INFO] Deleting directory C:\Users\etoun\Documents\pk48\inscription\soumettre\backend\target\classes\com\team48\inscriptionscolaire\student
[INFO] Deleting file C:\Users\etoun\Documents\pk48\inscription\soumettre\backend\target\classes\com\team48\inscriptionscolaire\user\PasswordChangeRequest.class
[INFO] Deleting file C:\Users\etoun\Documents\pk48\inscription\soumettre\backend\target\classes\com\team48\inscriptionscolaire\user\PasswordUpdateRequest.class
[INFO] Deleting file C:\Users\etoun\Documents\pk48\inscription\soumettre\backend\target\classes\com\team48\inscriptionscolaire\user\Token$TokenBuilder.class
[INFO] Deleting file C:\Users\etoun\Documents\pk48\inscription\soumettre\backend\target\classes\com\team48\inscriptionscolaire\user\Token.class
[INFO] Deleting file C:\Users\etoun\Documents\pk48\inscription\soumettre\backend\target\classes\com\team48\inscriptionscolaire\user\TokenRepository.class
[INFO] Deleting file C:\Users\etoun\Documents\pk48\inscription\soumettre\backend\target\classes\com\team48\inscriptionscolaire\user\User$UserBuilder.class
[INFO] Deleting file C:\Users\etoun\Documents\pk48\inscription\soumettre\backend\target\classes\com\team48\inscriptionscolaire\user\User$UserBuilderImpl.class
[INFO] Deleting file C:\Users\etoun\Documents\pk48\inscription\soumettre\backend\target\classes\com\team48\inscriptionscolaire\user\User.class
[INFO] Deleting file C:\Users\etoun\Documents\pk48\inscription\soumettre\backend\target\classes\com\team48\inscriptionscolaire\user\UserMapper.class
[INFO] Deleting file C:\Users\etoun\Documents\pk48\inscription\soumettre\backend\target\classes\com\team48\inscriptionscolaire\user\UserRepository.class
[INFO] Deleting file C:\Users\etoun\Documents\pk48\inscription\soumettre\backend\target\classes\com\team48\inscriptionscolaire\user\UserRequestDto.class
[INFO] Deleting file C:\Users\etoun\Documents\pk48\inscription\soumettre\backend\target\classes\com\team48\inscriptionscolaire\user\UserResponseDto.class
[INFO] Deleting file C:\Users\etoun\Documents\pk48\inscription\soumettre\backend\target\classes\com\team48\inscriptionscolaire\user\UserService.class
[INFO] Deleting directory C:\Users\etoun\Documents\pk48\inscription\soumettre\backend\target\classes\com\team48\inscriptionscolaire\user
[INFO] Deleting directory C:\Users\etoun\Documents\pk48\inscription\soumettre\backend\target\classes\com\team48\inscriptionscolaire
[INFO] Deleting directory C:\Users\etoun\Documents\pk48\inscription\soumettre\backend\target\classes\com\team48
[INFO] Deleting directory C:\Users\etoun\Documents\pk48\inscription\soumettre\backend\target\classes\com
[INFO] Deleting file C:\Users\etoun\Documents\pk48\inscription\soumettre\backend\target\classes\static\index.html
[INFO] Deleting directory C:\Users\etoun\Documents\pk48\inscription\soumettre\backend\target\classes\static
[INFO] Deleting directory C:\Users\etoun\Documents\pk48\inscription\soumettre\backend\target\classes
[INFO] Deleting directory C:\Users\etoun\Documents\pk48\inscription\soumettre\backend\target\generated-sources\annotations
[INFO] Deleting directory C:\Users\etoun\Documents\pk48\inscription\soumettre\backend\target\generated-sources
[INFO] Deleting directory C:\Users\etoun\Documents\pk48\inscription\soumettre\backend\target\generated-test-sources\test-annotations
[INFO] Deleting directory C:\Users\etoun\Documents\pk48\inscription\soumettre\backend\target\generated-test-sources
[INFO] Deleting file C:\Users\etoun\Documents\pk48\inscription\soumettre\backend\target\maven-status\maven-compiler-plugin\compile\default-compile\createdFiles.lst
[INFO] Deleting file C:\Users\etoun\Documents\pk48\inscription\soumettre\backend\target\maven-status\maven-compiler-plugin\compile\default-compile\inputFiles.lst
[INFO] Deleting directory C:\Users\etoun\Documents\pk48\inscription\soumettre\backend\target\maven-status\maven-compiler-plugin\compile\default-compile
[INFO] Deleting directory C:\Users\etoun\Documents\pk48\inscription\soumettre\backend\target\maven-status\maven-compiler-plugin\compile
[INFO] Deleting directory C:\Users\etoun\Documents\pk48\inscription\soumettre\backend\target\maven-status\maven-compiler-plugin
[INFO] Deleting directory C:\Users\etoun\Documents\pk48\inscription\soumettre\backend\target\maven-status
[INFO] Deleting directory C:\Users\etoun\Documents\pk48\inscription\soumettre\backend\target
[DEBUG] Skipping non-existing directory C:\Users\etoun\Documents\pk48\inscription\soumettre\backend\target\classes
[DEBUG] Skipping non-existing directory C:\Users\etoun\Documents\pk48\inscription\soumettre\backend\target\test-classes
[DEBUG] Skipping non-existing directory C:\Users\etoun\Documents\pk48\inscription\soumettre\backend\target\classes
[INFO] 
[INFO] --- resources:3.3.1:resources (default-resources) @ inscription-scolaire ---
[DEBUG] Dependency collection stats {ConflictMarker.analyzeTime=41100, ConflictMarker.markTime=17200, ConflictMarker.nodeCount=13, ConflictIdSorter.graphTime=26400, ConflictIdSorter.topsortTime=12100, ConflictIdSorter.conflictIdCount=9, ConflictIdSorter.conflictIdCycleCount=0, ConflictResolver.totalTime=201700, ConflictResolver.conflictItemCount=13, DfDependencyCollector.collectTime=83748800, DfDependencyCollector.transformTime=314900}
[DEBUG] org.apache.maven.plugins:maven-resources-plugin:jar:3.3.1
[DEBUG]    org.codehaus.plexus:plexus-interpolation:jar:1.26:runtime
[DEBUG]    org.codehaus.plexus:plexus-utils:jar:3.5.1:compile
[DEBUG]    org.apache.maven.shared:maven-filtering:jar:3.3.1:compile
[DEBUG]       javax.inject:javax.inject:jar:1:compile
[DEBUG]       org.slf4j:slf4j-api:jar:1.7.36:compile
[DEBUG]       org.sonatype.plexus:plexus-build-api:jar:0.0.7:compile
[DEBUG]    commons-io:commons-io:jar:2.11.0:compile
[DEBUG]    org.apache.commons:commons-lang3:jar:3.12.0:compile
[DEBUG] Created new class realm plugin>org.apache.maven.plugins:maven-resources-plugin:3.3.1
[DEBUG] Importing foreign packages into class realm plugin>org.apache.maven.plugins:maven-resources-plugin:3.3.1
[DEBUG]   Imported:  < maven.api
[DEBUG] Populating class realm plugin>org.apache.maven.plugins:maven-resources-plugin:3.3.1
[DEBUG]   Included: org.apache.maven.plugins:maven-resources-plugin:jar:3.3.1
[DEBUG]   Included: org.codehaus.plexus:plexus-interpolation:jar:1.26
[DEBUG]   Included: org.codehaus.plexus:plexus-utils:jar:3.5.1
[DEBUG]   Included: org.apache.maven.shared:maven-filtering:jar:3.3.1
[DEBUG]   Included: org.sonatype.plexus:plexus-build-api:jar:0.0.7
[DEBUG]   Included: commons-io:commons-io:jar:2.11.0
[DEBUG]   Included: org.apache.commons:commons-lang3:jar:3.12.0
[DEBUG] Loading mojo org.apache.maven.plugins:maven-resources-plugin:3.3.1:resources from plugin realm ClassRealm[plugin>org.apache.maven.plugins:maven-resources-plugin:3.3.1, parent: jdk.internal.loader.ClassLoaders$AppClassLoader@73d16e93]
[DEBUG] Configuring mojo execution 'org.apache.maven.plugins:maven-resources-plugin:3.3.1:resources:default-resources' with basic configurator -->
[DEBUG]   (f) addDefaultExcludes = true
[DEBUG]   (f) buildFilters = []
[DEBUG]   (s) delimiters = [@]
[DEBUG]   (f) encoding = UTF-8
[DEBUG]   (f) escapeWindowsPaths = true
[DEBUG]   (f) fileNameFiltering = false
[DEBUG]   (s) includeEmptyDirs = false
[DEBUG]   (s) outputDirectory = C:\Users\etoun\Documents\pk48\inscription\soumettre\backend\target\classes
[DEBUG]   (s) overwrite = false
[DEBUG]   (f) project = MavenProject: com.team48:inscription-scolaire:0.0.1-SNAPSHOT @ C:\Users\etoun\Documents\pk48\inscription\soumettre\backend\pom.xml
[DEBUG]   (f) propertiesEncoding = UTF-8
[DEBUG]   (s) resources = [Resource {targetPath: null, filtering: true, FileSet {directory: C:\Users\etoun\Documents\pk48\inscription\soumettre\backend\src\main\resources, PatternSet [includes: {**/application*.yml, **/application*.yaml, **/application*.properties}, excludes: {}]}}, Resource {targetPath: null, filtering: false, FileSet {directory: C:\Users\etoun\Documents\pk48\inscription\soumettre\backend\src\main\resources, PatternSet [includes: {}, excludes: {**/application*.yml, **/application*.yaml, **/application*.properties}]}}]
[DEBUG]   (f) session = org.apache.maven.execution.MavenSession@47be0f9b
[DEBUG]   (f) skip = false
[DEBUG]   (f) supportMultiLineFiltering = false
[DEBUG]   (f) useBuildFilters = true
[DEBUG]   (s) useDefaultDelimiters = false
[DEBUG] -- end configuration --
[DEBUG] properties used:
[DEBUG] activemq.version: 6.1.6
[DEBUG] angus-mail.version: 2.0.3
[DEBUG] artemis.version: 2.40.0
[DEBUG] aspectj.version: 1.9.24
[DEBUG] assertj.version: 3.27.3
[DEBUG] awaitility.version: 4.2.2
[DEBUG] brave.version: 6.1.0
[DEBUG] build-helper-maven-plugin.version: 3.6.1
[DEBUG] byte-buddy.version: 1.17.6
[DEBUG] cache2k.version: 2.6.1.Final
[DEBUG] caffeine.version: 3.2.1
[DEBUG] cassandra-driver.version: 4.19.0
[DEBUG] classmate.version: 1.7.0
[DEBUG] classworlds.conf: C:\apache-maven-3.9.10\bin\m2.conf
[DEBUG] commons-codec.version: 1.18.0
[DEBUG] commons-dbcp2.version: 2.13.0
[DEBUG] commons-lang3.version: 3.17.0
[DEBUG] commons-pool.version: 1.6
[DEBUG] commons-pool2.version: 2.12.1
[DEBUG] couchbase-client.version: 3.8.1
[DEBUG] crac.version: 1.5.0
[DEBUG] cyclonedx-maven-plugin.version: 2.9.1
[DEBUG] db2-jdbc.version: 12.1.2.0
[DEBUG] dependency-management-plugin.version: 1.1.7
[DEBUG] derby.version: 10.16.1.1
[DEBUG] ehcache3.version: 3.10.8
[DEBUG] elasticsearch-client.version: 8.18.1
[DEBUG] env.=C:: C:\Users\etoun\Documents\pk48\inscription\soumettre\backend
[DEBUG] env.=EXITCODE: 00000000
[DEBUG] env.ALLUSERSPROFILE: C:\ProgramData
[DEBUG] env.APPCODE_VM_OPTIONS: C:\Users\etoun\AppData\Local\OracleJava\vmoptions\appcode.vmoptions
[DEBUG] env.APPDATA: C:\Users\etoun\AppData\Roaming
[DEBUG] env.CHOCOLATEYINSTALL: C:\ProgramData\chocolatey
[DEBUG] env.CHOCOLATEYLASTPATHUPDATE: 134019682404847521
[DEBUG] env.CHROME_CRASHPAD_PIPE_NAME: \\.\pipe\crashpad_15624_OVTDIUVOQWJZKPXU
[DEBUG] env.CLASSWORLDS_JAR: "C:\apache-maven-3.9.10\boot\plexus-classworlds-2.9.0.jar"
[DEBUG] env.CLASSWORLDS_LAUNCHER: org.codehaus.plexus.classworlds.launcher.Launcher
[DEBUG] env.CLION_VM_OPTIONS: C:\Users\etoun\AppData\Local\OracleJava\vmoptions\clion.vmoptions
[DEBUG] env.COLORTERM: truecolor
[DEBUG] env.COMMONPROGRAMFILES: C:\Program Files\Common Files
[DEBUG] env.COMMONPROGRAMFILES(X86): C:\Program Files (x86)\Common Files
[DEBUG] env.COMMONPROGRAMW6432: C:\Program Files\Common Files
[DEBUG] env.COMPUTERNAME: LAPTOP-M1EN5OIN
[DEBUG] env.COMSPEC: C:\Windows\system32\cmd.exe
[DEBUG] env.DATAGRIP_VM_OPTIONS: C:\Users\etoun\AppData\Local\OracleJava\vmoptions\datagrip.vmoptions
[DEBUG] env.DATASPELL_VM_OPTIONS: C:\Users\etoun\AppData\Local\OracleJava\vmoptions\dataspell.vmoptions
[DEBUG] env.DEVECOSTUDIO_VM_OPTIONS: C:\Users\etoun\AppData\Local\OracleJava\vmoptions\devecostudio.vmoptions
[DEBUG] env.DRIVERDATA: C:\Windows\System32\Drivers\DriverData
[DEBUG] env.ERROR_CODE: 0
[DEBUG] env.EXEC_DIR: C:\Users\etoun\Documents\pk48\inscription\soumettre\backend
[DEBUG] env.GATEWAY_VM_OPTIONS: C:\Users\etoun\AppData\Local\OracleJava\vmoptions\gateway.vmoptions
[DEBUG] env.GIT_ASKPASS: c:\Users\etoun\AppData\Local\Programs\Windsurf\resources\app\extensions\git\dist\askpass.sh
[DEBUG] env.GIT_PAGER: cat
[DEBUG] env.GOLAND_VM_OPTIONS: C:\Users\etoun\AppData\Local\OracleJava\vmoptions\goland.vmoptions
[DEBUG] env.HOMEDRIVE: C:
[DEBUG] env.HOMEPATH: \Users\etoun
[DEBUG] env.IDEA_VM_OPTIONS: C:\Users\etoun\AppData\Local\OracleJava\vmoptions\idea.vmoptions
[DEBUG] env.INTELLIJ IDEA: C:\Program Files\JetBrains\IntelliJ IDEA 2024.3.1\bin;
[DEBUG] env.JAVACMD: C:\Program Files\Java\jdk-17\bin\java.exe
[DEBUG] env.JAVA_HOME: C:\Program Files\Java\jdk-17
[DEBUG] env.JETBRAINSCLIENT_VM_OPTIONS: C:\Users\etoun\AppData\Local\OracleJava\vmoptions\jetbrainsclient.vmoptions
[DEBUG] env.JETBRAINS_CLIENT_VM_OPTIONS: C:\Users\etoun\AppData\Local\OracleJava\vmoptions\jetbrains_client.vmoptions
[DEBUG] env.JVMCONFIG: \.mvn\jvm.config
[DEBUG] env.LANG: en_US.UTF-8
[DEBUG] env.LOCALAPPDATA: C:\Users\etoun\AppData\Local
[DEBUG] env.LOGONSERVER: \\LAPTOP-M1EN5OIN
[DEBUG] env.MAVEN_CMD_LINE_ARGS: clean compile -X
[DEBUG] env.MAVEN_HOME: C:\apache-maven-3.9.10
[DEBUG] env.MAVEN_OPTS: --enable-native-access=ALL-UNNAMED 
[DEBUG] env.MAVEN_PROJECTBASEDIR: C:\Users\etoun\Documents\pk48\inscription\soumettre\backend
[DEBUG] env.NUMBER_OF_PROCESSORS: 12
[DEBUG] env.ONEDRIVE: C:\Users\etoun\OneDrive
[DEBUG] env.ONEDRIVECONSUMER: C:\Users\etoun\OneDrive
[DEBUG] env.ORIGINAL_XDG_CURRENT_DESKTOP: undefined
[DEBUG] env.OS: Windows_NT
[DEBUG] env.PAGER: cat
[DEBUG] env.PATH: C:\Python313\Scripts\;C:\Python313\;C:\Program Files\Eclipse Adoptium\jdk-21.0.7.6-hotspot\bin;C:\Program Files\OpenLogic\jdk-17.0.13.11-hotspot\bin;C:\Program Files\Common Files\Oracle\Java\javapath;C:\Windows\system32;C:\Windows;C:\Windows\System32\Wbem;C:\Windows\System32\WindowsPowerShell\v1.0\;C:\Windows\System32\OpenSSH\;C:\Program Files\Git\cmd;C:\Program Files\Docker\Docker\resources\bin;C:\Program Files\PostgreSQL\17\bin;C:\apache-maven-3.9.10\bin;C:\maven-mvnd-1.0.2-windows-amd64\bin;C:\Program Files\dotnet\;c:\Users\etoun\AppData\Local\Programs\cursor\resources\app\bin;C:\Program Files\Java\jdk-17\bin;C:\Program Files\nodejs\;C:\ProgramData\chocolatey\bin;C:\Users\etoun\AppData\Local\Microsoft\WindowsApps;C:\Users\etoun\AppData\Local\Programs\Microsoft VS Code\bin;C:\Program Files\JetBrains\IntelliJ IDEA 2024.3.1\bin;C:\Program Files\liquibase;C:\Users\etoun\AppData\Local\Programs\mongosh\;C:\Users\etoun\AppData\Local\GitHubDesktop\bin;C:\Users\etoun\AppData\Local\Programs\cursor\resources\app\bin;C:\Users\etoun\AppData\Roaming\npm;C:\Users\etoun\AppData\Local\Programs\Windsurf\bin;C:\Users\etoun\AppData\Local\Programs\Qoder\bin
[DEBUG] env.PATHEXT: .COM;.EXE;.BAT;.CMD;.VBS;.VBE;.JS;.JSE;.WSF;.WSH;.MSC;.PY;.PYW;.CPL
[DEBUG] env.PHPSTORM_VM_OPTIONS: C:\Users\etoun\AppData\Local\OracleJava\vmoptions\phpstorm.vmoptions
[DEBUG] env.PROCESSOR_ARCHITECTURE: AMD64
[DEBUG] env.PROCESSOR_IDENTIFIER: AMD64 Family 23 Model 104 Stepping 1, AuthenticAMD
[DEBUG] env.PROCESSOR_LEVEL: 23
[DEBUG] env.PROCESSOR_REVISION: 6801
[DEBUG] env.PROGRAMDATA: C:\ProgramData
[DEBUG] env.PROGRAMFILES: C:\Program Files
[DEBUG] env.PROGRAMFILES(X86): C:\Program Files (x86)
[DEBUG] env.PROGRAMW6432: C:\Program Files
[DEBUG] env.PROMPT: $P$G
[DEBUG] env.PSMODULEPATH: C:\Users\etoun\Documents\WindowsPowerShell\Modules;C:\Program Files\WindowsPowerShell\Modules;C:\Windows\system32\WindowsPowerShell\v1.0\Modules
[DEBUG] env.PUBLIC: C:\Users\Public
[DEBUG] env.PYCHARM_VM_OPTIONS: C:\Users\etoun\AppData\Local\OracleJava\vmoptions\pycharm.vmoptions
[DEBUG] env.RIDER_VM_OPTIONS: C:\Users\etoun\AppData\Local\OracleJava\vmoptions\rider.vmoptions
[DEBUG] env.RUBYMINE_VM_OPTIONS: C:\Users\etoun\AppData\Local\OracleJava\vmoptions\rubymine.vmoptions
[DEBUG] env.STUDIO_VM_OPTIONS: C:\Users\etoun\AppData\Local\OracleJava\vmoptions\studio.vmoptions
[DEBUG] env.SYSTEMDRIVE: C:
[DEBUG] env.SYSTEMROOT: C:\Windows
[DEBUG] env.TEMP: C:\Users\etoun\AppData\Local\Temp
[DEBUG] env.TERM_PROGRAM: vscode
[DEBUG] env.TERM_PROGRAM_VERSION: 1.99.3
[DEBUG] env.TMP: C:\Users\etoun\AppData\Local\Temp
[DEBUG] env.USERDOMAIN: LAPTOP-M1EN5OIN
[DEBUG] env.USERDOMAIN_ROAMINGPROFILE: LAPTOP-M1EN5OIN
[DEBUG] env.USERNAME: etoun
[DEBUG] env.USERPROFILE: C:\Users\etoun
[DEBUG] env.VBOX_HWVIRTEX_IGNORE_SVM_IN_USE: 1
[DEBUG] env.VSCODE_GIT_ASKPASS_EXTRA_ARGS: 
[DEBUG] env.VSCODE_GIT_ASKPASS_MAIN: c:\Users\etoun\AppData\Local\Programs\Windsurf\resources\app\extensions\git\dist\askpass-main.js
[DEBUG] env.VSCODE_GIT_ASKPASS_NODE: C:\Users\etoun\AppData\Local\Programs\Windsurf\Windsurf.exe
[DEBUG] env.VSCODE_GIT_IPC_HANDLE: \\.\pipe\vscode-git-3aa19fc8f7-sock
[DEBUG] env.VSCODE_INJECTION: 1
[DEBUG] env.WDIR: C:\
[DEBUG] env.WEBIDE_VM_OPTIONS: C:\Users\etoun\AppData\Local\OracleJava\vmoptions\webide.vmoptions
[DEBUG] env.WEBSTORM_VM_OPTIONS: C:\Users\etoun\AppData\Local\OracleJava\vmoptions\webstorm.vmoptions
[DEBUG] env.WINDIR: C:\Windows
[DEBUG] file.encoding: Cp1252
[DEBUG] file.separator: \
[DEBUG] flyway.version: 11.7.2
[DEBUG] freemarker.version: 2.3.34
[DEBUG] git-commit-id-maven-plugin.version: 9.0.2
[DEBUG] glassfish-jaxb.version: 4.0.5
[DEBUG] glassfish-jstl.version: 3.0.1
[DEBUG] graphql-java.version: 24.0
[DEBUG] groovy.version: 4.0.27
[DEBUG] gson.version: 2.13.1
[DEBUG] h2.version: 2.3.232
[DEBUG] hamcrest.version: 3.0
[DEBUG] hazelcast.version: 5.5.0
[DEBUG] hibernate-validator.version: 8.0.2.Final
[DEBUG] hibernate.version: 6.6.18.Final
[DEBUG] hikaricp.version: 6.3.0
[DEBUG] hsqldb.version: 2.7.3
[DEBUG] htmlunit.version: 4.11.1
[DEBUG] httpasyncclient.version: 4.1.5
[DEBUG] httpclient5.version: 5.5
[DEBUG] httpcore.version: 4.4.16
[DEBUG] httpcore5.version: 5.3.4
[DEBUG] infinispan.version: 15.2.4.Final
[DEBUG] influxdb-java.version: 2.25
[DEBUG] jackson-bom.version: 2.19.1
[DEBUG] jakarta-activation.version: 2.1.3
[DEBUG] jakarta-annotation.version: 2.1.1
[DEBUG] jakarta-inject.version: 2.0.1
[DEBUG] jakarta-jms.version: 3.1.0
[DEBUG] jakarta-json-bind.version: 3.0.1
[DEBUG] jakarta-json.version: 2.1.3
[DEBUG] jakarta-mail.version: 2.1.3
[DEBUG] jakarta-management.version: 1.1.4
[DEBUG] jakarta-persistence.version: 3.1.0
[DEBUG] jakarta-servlet-jsp-jstl.version: 3.0.2
[DEBUG] jakarta-servlet.version: 6.0.0
[DEBUG] jakarta-transaction.version: 2.0.1
[DEBUG] jakarta-validation.version: 3.0.2
[DEBUG] jakarta-websocket.version: 2.1.1
[DEBUG] jakarta-ws-rs.version: 3.1.0
[DEBUG] jakarta-xml-bind.version: 4.0.2
[DEBUG] jakarta-xml-soap.version: 3.0.2
[DEBUG] jakarta-xml-ws.version: 4.0.2
[DEBUG] janino.version: 3.1.12
[DEBUG] java.class.path: C:\apache-maven-3.9.10\boot\plexus-classworlds-2.9.0.jar
[DEBUG] java.class.version: 61.0
[DEBUG] java.home: C:\Program Files\Java\jdk-17
[DEBUG] java.io.tmpdir: C:\Users\etoun\AppData\Local\Temp\
[DEBUG] java.library.path: C:\Program Files\Java\jdk-17\bin;C:\Windows\Sun\Java\bin;C:\Windows\system32;C:\Windows;C:\Python313\Scripts\;C:\Python313\;C:\Program Files\Eclipse Adoptium\jdk-21.0.7.6-hotspot\bin;C:\Program Files\OpenLogic\jdk-17.0.13.11-hotspot\bin;C:\Program Files\Common Files\Oracle\Java\javapath;C:\Windows\system32;C:\Windows;C:\Windows\System32\Wbem;C:\Windows\System32\WindowsPowerShell\v1.0\;C:\Windows\System32\OpenSSH\;C:\Program Files\Git\cmd;C:\Program Files\Docker\Docker\resources\bin;C:\Program Files\PostgreSQL\17\bin;C:\apache-maven-3.9.10\bin;C:\maven-mvnd-1.0.2-windows-amd64\bin;C:\Program Files\dotnet\;c:\Users\etoun\AppData\Local\Programs\cursor\resources\app\bin;C:\Program Files\Java\jdk-17\bin;C:\Program Files\nodejs\;C:\ProgramData\chocolatey\bin;C:\Users\etoun\AppData\Local\Microsoft\WindowsApps;C:\Users\etoun\AppData\Local\Programs\Microsoft VS Code\bin;C:\Program Files\JetBrains\IntelliJ IDEA 2024.3.1\bin;C:\Program Files\liquibase;C:\Users\etoun\AppData\Local\Programs\mongosh\;C:\Users\etoun\AppData\Local\GitHubDesktop\bin;C:\Users\etoun\AppData\Local\Programs\cursor\resources\app\bin;C:\Users\etoun\AppData\Roaming\npm;C:\Users\etoun\AppData\Local\Programs\Windsurf\bin;C:\Users\etoun\AppData\Local\Programs\Qoder\bin;.
[DEBUG] java.runtime.name: Java(TM) SE Runtime Environment
[DEBUG] java.runtime.version: 17.0.12+8-LTS-286
[DEBUG] java.specification.name: Java Platform API Specification
[DEBUG] java.specification.vendor: Oracle Corporation
[DEBUG] java.specification.version: 17
[DEBUG] java.vendor: Oracle Corporation
[DEBUG] java.vendor.url: https://java.oracle.com/
[DEBUG] java.vendor.url.bug: https://bugreport.java.com/bugreport/
[DEBUG] java.version: 17.0.12
[DEBUG] java.version.date: 2024-07-16
[DEBUG] java.vm.compressedOopsMode: Zero based
[DEBUG] java.vm.info: mixed mode, sharing
[DEBUG] java.vm.name: Java HotSpot(TM) 64-Bit Server VM
[DEBUG] java.vm.specification.name: Java Virtual Machine Specification
[DEBUG] java.vm.specification.vendor: Oracle Corporation
[DEBUG] java.vm.specification.version: 17
[DEBUG] java.vm.vendor: Oracle Corporation
[DEBUG] java.vm.version: 17.0.12+8-LTS-286
[DEBUG] javax-cache.version: 1.1.1
[DEBUG] javax-money.version: 1.1
[DEBUG] jaxen.version: 2.0.0
[DEBUG] jaybird.version: 6.0.2
[DEBUG] jboss-logging.version: 3.6.1.Final
[DEBUG] jdk.debug: release
[DEBUG] jdom2.version: 2.0.6.1
[DEBUG] jedis.version: 6.0.0
[DEBUG] jersey.version: 3.1.10
[DEBUG] jetty-reactive-httpclient.version: 4.0.10
[DEBUG] jetty.version: 12.0.22
[DEBUG] jjwt.version: 0.12.6
[DEBUG] jmustache.version: 1.16
[DEBUG] jooq.version: 3.19.24
[DEBUG] json-path.version: 2.9.0
[DEBUG] json-smart.version: 2.5.2
[DEBUG] jsonassert.version: 1.5.3
[DEBUG] jtds.version: 1.3.1
[DEBUG] junit-jupiter.version: 5.12.2
[DEBUG] junit.version: 4.13.2
[DEBUG] kafka.version: 3.9.1
[DEBUG] kotlin-coroutines.version: 1.8.1
[DEBUG] kotlin-serialization.version: 1.6.3
[DEBUG] kotlin.version: 1.9.25
[DEBUG] lettuce.version: 6.6.0.RELEASE
[DEBUG] library.jansi.path: C:\apache-maven-3.9.10\lib\jansi-native
[DEBUG] line.separator: 

[DEBUG] liquibase.version: 4.31.1
[DEBUG] log4j2.version: 2.24.3
[DEBUG] logback.version: 1.5.18
[DEBUG] lombok.version: 1.18.30
[DEBUG] mapstruct.version: 1.6.3
[DEBUG] mariadb.version: 3.5.3
[DEBUG] maven-antrun-plugin.version: 3.1.0
[DEBUG] maven-assembly-plugin.version: 3.7.1
[DEBUG] maven-clean-plugin.version: 3.4.1
[DEBUG] maven-compiler-plugin.version: 3.14.0
[DEBUG] maven-dependency-plugin.version: 3.8.1
[DEBUG] maven-deploy-plugin.version: 3.1.4
[DEBUG] maven-enforcer-plugin.version: 3.5.0
[DEBUG] maven-failsafe-plugin.version: 3.5.3
[DEBUG] maven-help-plugin.version: 3.5.1
[DEBUG] maven-install-plugin.version: 3.1.4
[DEBUG] maven-invoker-plugin.version: 3.9.0
[DEBUG] maven-jar-plugin.version: 3.4.2
[DEBUG] maven-javadoc-plugin.version: 3.11.2
[DEBUG] maven-resources-plugin.version: 3.3.1
[DEBUG] maven-shade-plugin.version: 3.6.0
[DEBUG] maven-source-plugin.version: 3.3.1
[DEBUG] maven-surefire-plugin.version: 3.5.3
[DEBUG] maven-war-plugin.version: 3.4.0
[DEBUG] maven.build.timestamp: 2025-10-05T16:21:54Z
[DEBUG] maven.build.version: Apache Maven 3.9.10 (5f519b97e944483d878815739f519b2eade0a91d)
[DEBUG] maven.compiler.release: 17
[DEBUG] maven.conf: C:\apache-maven-3.9.10/conf
[DEBUG] maven.home: C:\apache-maven-3.9.10
[DEBUG] maven.multiModuleProjectDirectory: C:\Users\etoun\Documents\pk48\inscription\soumettre\backend
[DEBUG] maven.version: 3.9.10
[DEBUG] micrometer-tracing.version: 1.5.1
[DEBUG] micrometer.version: 1.15.1
[DEBUG] mockito.version: 5.17.0
[DEBUG] mongodb.version: 5.5.1
[DEBUG] mssql-jdbc.version: 12.10.0.jre11
[DEBUG] mysql.version: 9.2.0
[DEBUG] native-build-tools-plugin.version: 0.10.6
[DEBUG] native.encoding: Cp1252
[DEBUG] nekohtml.version: 1.9.22
[DEBUG] neo4j-java-driver.version: 5.28.5
[DEBUG] netty.version: 4.1.122.Final
[DEBUG] opentelemetry.version: 1.49.0
[DEBUG] oracle-database.version: 23.7.0.25.01
[DEBUG] oracle-r2dbc.version: 1.3.0
[DEBUG] os.arch: amd64
[DEBUG] os.name: Windows 11
[DEBUG] os.version: 10.0
[DEBUG] path.separator: ;
[DEBUG] pooled-jms.version: 3.1.7
[DEBUG] postgresql.version: 42.7.7
[DEBUG] project.baseUri: file:/C:/Users/etoun/Documents/pk48/inscription/soumettre/backend/
[DEBUG] project.build.sourceEncoding: UTF-8
[DEBUG] project.reporting.outputEncoding: UTF-8
[DEBUG] prometheus-client.version: 1.3.8
[DEBUG] prometheus-simpleclient.version: 0.16.0
[DEBUG] pulsar-reactive.version: 0.6.0
[DEBUG] pulsar.version: 4.0.5
[DEBUG] quartz.version: 2.5.0
[DEBUG] querydsl.version: 5.1.0
[DEBUG] r2dbc-h2.version: 1.0.0.RELEASE
[DEBUG] r2dbc-mariadb.version: 1.3.0
[DEBUG] r2dbc-mssql.version: 1.0.2.RELEASE
[DEBUG] r2dbc-mysql.version: 1.4.1
[DEBUG] r2dbc-pool.version: 1.0.2.RELEASE
[DEBUG] r2dbc-postgresql.version: 1.0.7.RELEASE
[DEBUG] r2dbc-proxy.version: 1.1.6.RELEASE
[DEBUG] r2dbc-spi.version: 1.0.0.RELEASE
[DEBUG] rabbit-amqp-client.version: 5.25.0
[DEBUG] rabbit-stream-client.version: 0.23.0
[DEBUG] reactive-streams.version: 1.0.4
[DEBUG] reactor-bom.version: 2024.0.7
[DEBUG] resource.delimiter: @
[DEBUG] rest-assured.version: 5.5.5
[DEBUG] rsocket.version: 1.1.5
[DEBUG] rxjava3.version: 3.1.10
[DEBUG] saaj-impl.version: 3.0.4
[DEBUG] selenium-htmlunit.version: 4.30.0
[DEBUG] selenium.version: 4.31.0
[DEBUG] sendgrid.version: 4.10.3
[DEBUG] slf4j.version: 2.0.17
[DEBUG] snakeyaml.version: 2.4
[DEBUG] spring-amqp.version: 3.2.5
[DEBUG] spring-authorization-server.version: 1.5.1
[DEBUG] spring-batch.version: 5.2.2
[DEBUG] spring-boot.run.main-class: ${start-class}
[DEBUG] spring-data-bom.version: 2025.0.1
[DEBUG] spring-framework.version: 6.2.8
[DEBUG] spring-graphql.version: 1.4.0
[DEBUG] spring-hateoas.version: 2.5.1
[DEBUG] spring-integration.version: 6.5.0
[DEBUG] spring-kafka.version: 3.3.7
[DEBUG] spring-ldap.version: 3.3.1
[DEBUG] spring-pulsar.version: 1.2.7
[DEBUG] spring-restdocs.version: 3.0.4
[DEBUG] spring-retry.version: 2.0.12
[DEBUG] spring-security.version: 6.5.1
[DEBUG] spring-session.version: 3.5.1
[DEBUG] spring-ws.version: 4.1.0
[DEBUG] sqlite-jdbc.version: 3.49.1.0
[DEBUG] sun.arch.data.model: 64
[DEBUG] sun.boot.library.path: C:\Program Files\Java\jdk-17\bin
[DEBUG] sun.cpu.endian: little
[DEBUG] sun.cpu.isalist: amd64
[DEBUG] sun.io.unicode.encoding: UnicodeLittle
[DEBUG] sun.java.command: org.codehaus.plexus.classworlds.launcher.Launcher clean compile -X
[DEBUG] sun.java.launcher: SUN_STANDARD
[DEBUG] sun.jnu.encoding: Cp1252
[DEBUG] sun.management.compiler: HotSpot 64-Bit Tiered Compilers
[DEBUG] sun.os.patch.level: 
[DEBUG] testcontainers-redis-module.version: 2.2.4
[DEBUG] testcontainers.version: 1.21.2
[DEBUG] thymeleaf-extras-data-attribute.version: 2.0.1
[DEBUG] thymeleaf-extras-springsecurity.version: 3.1.3.RELEASE
[DEBUG] thymeleaf-layout-dialect.version: 3.4.0
[DEBUG] thymeleaf.version: 3.1.3.RELEASE
[DEBUG] tomcat.version: 10.1.42
[DEBUG] unboundid-ldapsdk.version: 7.0.3
[DEBUG] undertow.version: 2.3.18.Final
[DEBUG] user.country: FR
[DEBUG] user.dir: C:\Users\etoun\Documents\pk48\inscription\soumettre\backend
[DEBUG] user.home: C:\Users\etoun
[DEBUG] user.language: fr
[DEBUG] user.name: etoun
[DEBUG] user.script: 
[DEBUG] user.variant: 
[DEBUG] versions-maven-plugin.version: 2.18.0
[DEBUG] vibur.version: 26.0
[DEBUG] webjars-locator-core.version: 0.59
[DEBUG] webjars-locator-lite.version: 1.1.0
[DEBUG] wsdl4j.version: 1.6.3
[DEBUG] xml-maven-plugin.version: 1.1.0
[DEBUG] xmlunit2.version: 2.10.2
[DEBUG] yasson.version: 3.0.4
[DEBUG] zipkin-reporter.version: 3.5.1
[DEBUG] Using 'UTF-8' encoding to copy filtered resources.
[DEBUG] Using 'UTF-8' encoding to copy filtered properties files.
[DEBUG] resource with targetPath null
directory C:\Users\etoun\Documents\pk48\inscription\soumettre\backend\src\main\resources
excludes []
includes [**/application*.yml, **/application*.yaml, **/application*.properties]
[DEBUG] ignoreDelta true
[INFO] Copying 1 resource from src\main\resources to target\classes
[DEBUG] Copying file application.properties
[DEBUG] file application.properties has a filtered file extension
[DEBUG] Using 'UTF-8' encoding to copy filtered resource 'application.properties'.
[DEBUG] filtering C:\Users\etoun\Documents\pk48\inscription\soumettre\backend\src\main\resources\application.properties to C:\Users\etoun\Documents\pk48\inscription\soumettre\backend\target\classes\application.properties
[DEBUG] resource with targetPath null
directory C:\Users\etoun\Documents\pk48\inscription\soumettre\backend\src\main\resources
excludes [**/application*.yml, **/application*.yaml, **/application*.properties]
includes []
[DEBUG] ignoreDelta true
[INFO] Copying 3 resources from src\main\resources to target\classes
[DEBUG] Copying file API_ENDPOINTS_DOCUMENTATION.md
[DEBUG] file API_ENDPOINTS_DOCUMENTATION.md has a filtered file extension
[DEBUG] Using 'UTF-8' encoding to copy filtered resource 'API_ENDPOINTS_DOCUMENTATION.md'.
[DEBUG] copy C:\Users\etoun\Documents\pk48\inscription\soumettre\backend\src\main\resources\API_ENDPOINTS_DOCUMENTATION.md to C:\Users\etoun\Documents\pk48\inscription\soumettre\backend\target\classes\API_ENDPOINTS_DOCUMENTATION.md
[DEBUG] Copying file API_ENDPOINTS_DOCUMENTATION_CORRECTED.md
[DEBUG] file API_ENDPOINTS_DOCUMENTATION_CORRECTED.md has a filtered file extension
[DEBUG] Using 'UTF-8' encoding to copy filtered resource 'API_ENDPOINTS_DOCUMENTATION_CORRECTED.md'.
[DEBUG] copy C:\Users\etoun\Documents\pk48\inscription\soumettre\backend\src\main\resources\API_ENDPOINTS_DOCUMENTATION_CORRECTED.md to C:\Users\etoun\Documents\pk48\inscription\soumettre\backend\target\classes\API_ENDPOINTS_DOCUMENTATION_CORRECTED.md
[DEBUG] Copying file static\index.html
[DEBUG] file index.html has a filtered file extension
[DEBUG] Using 'UTF-8' encoding to copy filtered resource 'index.html'.
[DEBUG] copy C:\Users\etoun\Documents\pk48\inscription\soumettre\backend\src\main\resources\static\index.html to C:\Users\etoun\Documents\pk48\inscription\soumettre\backend\target\classes\static\index.html
[DEBUG] no user filter components
[INFO] 
[INFO] --- compiler:3.14.0:compile (default-compile) @ inscription-scolaire ---
[DEBUG] Using mirror maven-default-http-blocker (http://0.0.0.0/) for apache.snapshots (http://repository.apache.org/snapshots).
[DEBUG] Dependency collection stats {ConflictMarker.analyzeTime=63200, ConflictMarker.markTime=23300, ConflictMarker.nodeCount=22, ConflictIdSorter.graphTime=53400, ConflictIdSorter.topsortTime=17400, ConflictIdSorter.conflictIdCount=14, ConflictIdSorter.conflictIdCycleCount=0, ConflictResolver.totalTime=164200, ConflictResolver.conflictItemCount=22, DfDependencyCollector.collectTime=65652200, DfDependencyCollector.transformTime=341900}
[DEBUG] org.apache.maven.plugins:maven-compiler-plugin:jar:3.14.0
[DEBUG]    org.apache.maven.shared:maven-shared-utils:jar:3.4.2:compile
[DEBUG]       org.slf4j:slf4j-api:jar:1.7.36:compile
[DEBUG]       commons-io:commons-io:jar:2.11.0:compile
[DEBUG]    org.apache.maven.shared:maven-shared-incremental:jar:1.1:compile
[DEBUG]    org.codehaus.plexus:plexus-java:jar:1.4.0:compile
[DEBUG]       org.ow2.asm:asm:jar:9.7.1:compile
[DEBUG]       com.thoughtworks.qdox:qdox:jar:2.2.0:compile
[DEBUG]    org.codehaus.plexus:plexus-compiler-api:jar:2.15.0:compile
[DEBUG]    org.codehaus.plexus:plexus-compiler-manager:jar:2.15.0:compile
[DEBUG]       javax.inject:javax.inject:jar:1:compile
[DEBUG]       org.codehaus.plexus:plexus-xml:jar:3.0.1:compile (version managed from default)
[DEBUG]    org.codehaus.plexus:plexus-compiler-javac:jar:2.15.0:runtime
[DEBUG]    org.codehaus.plexus:plexus-utils:jar:4.0.1:compile
[DEBUG] Created new class realm plugin>org.apache.maven.plugins:maven-compiler-plugin:3.14.0
[DEBUG] Importing foreign packages into class realm plugin>org.apache.maven.plugins:maven-compiler-plugin:3.14.0
[DEBUG]   Imported:  < maven.api
[DEBUG] Populating class realm plugin>org.apache.maven.plugins:maven-compiler-plugin:3.14.0
[DEBUG]   Included: org.apache.maven.plugins:maven-compiler-plugin:jar:3.14.0
[DEBUG]   Included: org.apache.maven.shared:maven-shared-utils:jar:3.4.2
[DEBUG]   Included: commons-io:commons-io:jar:2.11.0
[DEBUG]   Included: org.apache.maven.shared:maven-shared-incremental:jar:1.1
[DEBUG]   Included: org.codehaus.plexus:plexus-java:jar:1.4.0
[DEBUG]   Included: org.ow2.asm:asm:jar:9.7.1
[DEBUG]   Included: com.thoughtworks.qdox:qdox:jar:2.2.0
[DEBUG]   Included: org.codehaus.plexus:plexus-compiler-api:jar:2.15.0
[DEBUG]   Included: org.codehaus.plexus:plexus-compiler-manager:jar:2.15.0
[DEBUG]   Included: org.codehaus.plexus:plexus-xml:jar:3.0.1
[DEBUG]   Included: org.codehaus.plexus:plexus-compiler-javac:jar:2.15.0
[DEBUG]   Included: org.codehaus.plexus:plexus-utils:jar:4.0.1
[DEBUG] Loading mojo org.apache.maven.plugins:maven-compiler-plugin:3.14.0:compile from plugin realm ClassRealm[plugin>org.apache.maven.plugins:maven-compiler-plugin:3.14.0, parent: jdk.internal.loader.ClassLoaders$AppClassLoader@73d16e93]
[DEBUG] Configuring mojo execution 'org.apache.maven.plugins:maven-compiler-plugin:3.14.0:compile:default-compile' with basic configurator -->
[DEBUG]   (s) groupId = org.projectlombok
[DEBUG]   (s) artifactId = lombok
[DEBUG]   (s) version = 1.18.30
[DEBUG]   (s) groupId = org.mapstruct
[DEBUG]   (s) artifactId = mapstruct-processor
[DEBUG]   (s) version = 1.6.3
[DEBUG]   (f) annotationProcessorPaths = [org.projectlombok:lombok:1.18.30.jar, org.mapstruct:mapstruct-processor:1.6.3.jar]
[DEBUG]   (f) annotationProcessorPathsUseDepMgmt = false
[DEBUG]   (f) basedir = C:\Users\etoun\Documents\pk48\inscription\soumettre\backend
[DEBUG]   (f) buildDirectory = C:\Users\etoun\Documents\pk48\inscription\soumettre\backend\target
[DEBUG]   (f) compilePath = [C:\Users\etoun\Documents\pk48\inscription\soumettre\backend\target\classes, C:\Users\etoun\.m2\repository\org\springframework\boot\spring-boot-starter-web\3.5.3\spring-boot-starter-web-3.5.3.jar, C:\Users\etoun\.m2\repository\org\springframework\boot\spring-boot-starter\3.5.3\spring-boot-starter-3.5.3.jar, C:\Users\etoun\.m2\repository\org\springframework\boot\spring-boot\3.5.3\spring-boot-3.5.3.jar, C:\Users\etoun\.m2\repository\org\springframework\boot\spring-boot-autoconfigure\3.5.3\spring-boot-autoconfigure-3.5.3.jar, C:\Users\etoun\.m2\repository\org\springframework\boot\spring-boot-starter-logging\3.5.3\spring-boot-starter-logging-3.5.3.jar, C:\Users\etoun\.m2\repository\ch\qos\logback\logback-classic\1.5.18\logback-classic-1.5.18.jar, C:\Users\etoun\.m2\repository\ch\qos\logback\logback-core\1.5.18\logback-core-1.5.18.jar, C:\Users\etoun\.m2\repository\org\apache\logging\log4j\log4j-to-slf4j\2.24.3\log4j-to-slf4j-2.24.3.jar, C:\Users\etoun\.m2\repository\org\apache\logging\log4j\log4j-api\2.24.3\log4j-api-2.24.3.jar, C:\Users\etoun\.m2\repository\org\slf4j\jul-to-slf4j\2.0.17\jul-to-slf4j-2.0.17.jar, C:\Users\etoun\.m2\repository\jakarta\annotation\jakarta.annotation-api\2.1.1\jakarta.annotation-api-2.1.1.jar, C:\Users\etoun\.m2\repository\org\yaml\snakeyaml\2.4\snakeyaml-2.4.jar, C:\Users\etoun\.m2\repository\org\springframework\boot\spring-boot-starter-json\3.5.3\spring-boot-starter-json-3.5.3.jar, C:\Users\etoun\.m2\repository\com\fasterxml\jackson\datatype\jackson-datatype-jdk8\2.19.1\jackson-datatype-jdk8-2.19.1.jar, C:\Users\etoun\.m2\repository\com\fasterxml\jackson\datatype\jackson-datatype-jsr310\2.19.1\jackson-datatype-jsr310-2.19.1.jar, C:\Users\etoun\.m2\repository\com\fasterxml\jackson\module\jackson-module-parameter-names\2.19.1\jackson-module-parameter-names-2.19.1.jar, C:\Users\etoun\.m2\repository\org\springframework\boot\spring-boot-starter-tomcat\3.5.3\spring-boot-starter-tomcat-3.5.3.jar, C:\Users\etoun\.m2\repository\org\apache\tomcat\embed\tomcat-embed-core\10.1.42\tomcat-embed-core-10.1.42.jar, C:\Users\etoun\.m2\repository\org\apache\tomcat\embed\tomcat-embed-el\10.1.42\tomcat-embed-el-10.1.42.jar, C:\Users\etoun\.m2\repository\org\apache\tomcat\embed\tomcat-embed-websocket\10.1.42\tomcat-embed-websocket-10.1.42.jar, C:\Users\etoun\.m2\repository\org\springframework\spring-web\6.2.8\spring-web-6.2.8.jar, C:\Users\etoun\.m2\repository\org\springframework\spring-beans\6.2.8\spring-beans-6.2.8.jar, C:\Users\etoun\.m2\repository\io\micrometer\micrometer-observation\1.15.1\micrometer-observation-1.15.1.jar, C:\Users\etoun\.m2\repository\io\micrometer\micrometer-commons\1.15.1\micrometer-commons-1.15.1.jar, C:\Users\etoun\.m2\repository\org\springframework\spring-webmvc\6.2.8\spring-webmvc-6.2.8.jar, C:\Users\etoun\.m2\repository\org\springframework\spring-context\6.2.8\spring-context-6.2.8.jar, C:\Users\etoun\.m2\repository\org\springframework\spring-expression\6.2.8\spring-expression-6.2.8.jar, C:\Users\etoun\.m2\repository\org\springframework\boot\spring-boot-starter-data-jpa\3.5.3\spring-boot-starter-data-jpa-3.5.3.jar, C:\Users\etoun\.m2\repository\org\springframework\boot\spring-boot-starter-jdbc\3.5.3\spring-boot-starter-jdbc-3.5.3.jar, C:\Users\etoun\.m2\repository\com\zaxxer\HikariCP\6.3.0\HikariCP-6.3.0.jar, C:\Users\etoun\.m2\repository\org\springframework\spring-jdbc\6.2.8\spring-jdbc-6.2.8.jar, C:\Users\etoun\.m2\repository\org\hibernate\orm\hibernate-core\6.6.18.Final\hibernate-core-6.6.18.Final.jar, C:\Users\etoun\.m2\repository\jakarta\persistence\jakarta.persistence-api\3.1.0\jakarta.persistence-api-3.1.0.jar, C:\Users\etoun\.m2\repository\jakarta\transaction\jakarta.transaction-api\2.0.1\jakarta.transaction-api-2.0.1.jar, C:\Users\etoun\.m2\repository\org\antlr\antlr4-runtime\4.13.0\antlr4-runtime-4.13.0.jar, C:\Users\etoun\.m2\repository\org\springframework\data\spring-data-jpa\3.5.1\spring-data-jpa-3.5.1.jar, C:\Users\etoun\.m2\repository\org\springframework\data\spring-data-commons\3.5.1\spring-data-commons-3.5.1.jar, C:\Users\etoun\.m2\repository\org\springframework\spring-orm\6.2.8\spring-orm-6.2.8.jar, C:\Users\etoun\.m2\repository\org\springframework\spring-tx\6.2.8\spring-tx-6.2.8.jar, C:\Users\etoun\.m2\repository\org\slf4j\slf4j-api\2.0.17\slf4j-api-2.0.17.jar, C:\Users\etoun\.m2\repository\org\springframework\spring-aspects\6.2.8\spring-aspects-6.2.8.jar, C:\Users\etoun\.m2\repository\org\aspectj\aspectjweaver\1.9.24\aspectjweaver-1.9.24.jar, C:\Users\etoun\.m2\repository\org\springframework\boot\spring-boot-starter-security\3.5.3\spring-boot-starter-security-3.5.3.jar, C:\Users\etoun\.m2\repository\org\springframework\spring-aop\6.2.8\spring-aop-6.2.8.jar, C:\Users\etoun\.m2\repository\org\springframework\security\spring-security-config\6.5.1\spring-security-config-6.5.1.jar, C:\Users\etoun\.m2\repository\org\springframework\security\spring-security-web\6.5.1\spring-security-web-6.5.1.jar, C:\Users\etoun\.m2\repository\org\springframework\boot\spring-boot-starter-mail\3.5.3\spring-boot-starter-mail-3.5.3.jar, C:\Users\etoun\.m2\repository\org\springframework\spring-context-support\6.2.8\spring-context-support-6.2.8.jar, C:\Users\etoun\.m2\repository\org\eclipse\angus\jakarta.mail\2.0.3\jakarta.mail-2.0.3.jar, C:\Users\etoun\.m2\repository\jakarta\activation\jakarta.activation-api\2.1.3\jakarta.activation-api-2.1.3.jar, C:\Users\etoun\.m2\repository\org\springframework\boot\spring-boot-starter-oauth2-client\3.5.3\spring-boot-starter-oauth2-client-3.5.3.jar, C:\Users\etoun\.m2\repository\org\springframework\security\spring-security-core\6.5.1\spring-security-core-6.5.1.jar, C:\Users\etoun\.m2\repository\org\springframework\security\spring-security-crypto\6.5.1\spring-security-crypto-6.5.1.jar, C:\Users\etoun\.m2\repository\org\springframework\security\spring-security-oauth2-client\6.5.1\spring-security-oauth2-client-6.5.1.jar, C:\Users\etoun\.m2\repository\org\springframework\security\spring-security-oauth2-core\6.5.1\spring-security-oauth2-core-6.5.1.jar, C:\Users\etoun\.m2\repository\com\nimbusds\oauth2-oidc-sdk\9.43.6\oauth2-oidc-sdk-9.43.6.jar, C:\Users\etoun\.m2\repository\com\github\stephenc\jcip\jcip-annotations\1.0-1\jcip-annotations-1.0-1.jar, C:\Users\etoun\.m2\repository\com\nimbusds\content-type\2.2\content-type-2.2.jar, C:\Users\etoun\.m2\repository\com\nimbusds\lang-tag\1.7\lang-tag-1.7.jar, C:\Users\etoun\.m2\repository\org\springframework\security\spring-security-oauth2-jose\6.5.1\spring-security-oauth2-jose-6.5.1.jar, C:\Users\etoun\.m2\repository\com\nimbusds\nimbus-jose-jwt\9.37.3\nimbus-jose-jwt-9.37.3.jar, C:\Users\etoun\.m2\repository\com\asprise\ocr\java-ocr-api\15.3.0.3\java-ocr-api-15.3.0.3.jar, C:\Users\etoun\.m2\repository\io\jsonwebtoken\jjwt-api\0.12.6\jjwt-api-0.12.6.jar, C:\Users\etoun\.m2\repository\com\fasterxml\jackson\core\jackson-databind\2.19.1\jackson-databind-2.19.1.jar, C:\Users\etoun\.m2\repository\com\fasterxml\jackson\core\jackson-annotations\2.19.1\jackson-annotations-2.19.1.jar, C:\Users\etoun\.m2\repository\com\fasterxml\jackson\core\jackson-core\2.19.1\jackson-core-2.19.1.jar, C:\Users\etoun\.m2\repository\org\springdoc\springdoc-openapi-starter-webmvc-ui\2.8.6\springdoc-openapi-starter-webmvc-ui-2.8.6.jar, C:\Users\etoun\.m2\repository\org\springdoc\springdoc-openapi-starter-webmvc-api\2.8.6\springdoc-openapi-starter-webmvc-api-2.8.6.jar, C:\Users\etoun\.m2\repository\org\springdoc\springdoc-openapi-starter-common\2.8.6\springdoc-openapi-starter-common-2.8.6.jar, C:\Users\etoun\.m2\repository\io\swagger\core\v3\swagger-core-jakarta\2.2.29\swagger-core-jakarta-2.2.29.jar, C:\Users\etoun\.m2\repository\org\apache\commons\commons-lang3\3.17.0\commons-lang3-3.17.0.jar, C:\Users\etoun\.m2\repository\io\swagger\core\v3\swagger-annotations-jakarta\2.2.29\swagger-annotations-jakarta-2.2.29.jar, C:\Users\etoun\.m2\repository\io\swagger\core\v3\swagger-models-jakarta\2.2.29\swagger-models-jakarta-2.2.29.jar, C:\Users\etoun\.m2\repository\jakarta\validation\jakarta.validation-api\3.0.2\jakarta.validation-api-3.0.2.jar, C:\Users\etoun\.m2\repository\com\fasterxml\jackson\dataformat\jackson-dataformat-yaml\2.19.1\jackson-dataformat-yaml-2.19.1.jar, C:\Users\etoun\.m2\repository\org\webjars\swagger-ui\5.20.1\swagger-ui-5.20.1.jar, C:\Users\etoun\.m2\repository\org\webjars\webjars-locator-lite\1.1.0\webjars-locator-lite-1.1.0.jar, C:\Users\etoun\.m2\repository\org\jspecify\jspecify\1.0.0\jspecify-1.0.0.jar, C:\Users\etoun\.m2\repository\commons-io\commons-io\2.19.0\commons-io-2.19.0.jar, C:\Users\etoun\.m2\repository\org\springframework\boot\spring-boot-starter-websocket\3.5.3\spring-boot-starter-websocket-3.5.3.jar, C:\Users\etoun\.m2\repository\org\springframework\spring-messaging\6.2.8\spring-messaging-6.2.8.jar, C:\Users\etoun\.m2\repository\org\springframework\spring-websocket\6.2.8\spring-websocket-6.2.8.jar, C:\Users\etoun\.m2\repository\org\projectlombok\lombok\1.18.38\lombok-1.18.38.jar, C:\Users\etoun\.m2\repository\org\mapstruct\mapstruct\1.6.3\mapstruct-1.6.3.jar, C:\Users\etoun\.m2\repository\com\stripe\stripe-java\29.4.0\stripe-java-29.4.0.jar, C:\Users\etoun\.m2\repository\jakarta\xml\bind\jakarta.xml.bind-api\4.0.2\jakarta.xml.bind-api-4.0.2.jar, C:\Users\etoun\.m2\repository\net\minidev\json-smart\2.5.2\json-smart-2.5.2.jar, C:\Users\etoun\.m2\repository\net\minidev\accessors-smart\2.5.2\accessors-smart-2.5.2.jar, C:\Users\etoun\.m2\repository\org\ow2\asm\asm\9.7.1\asm-9.7.1.jar, C:\Users\etoun\.m2\repository\org\springframework\spring-core\6.2.8\spring-core-6.2.8.jar, C:\Users\etoun\.m2\repository\org\springframework\spring-jcl\6.2.8\spring-jcl-6.2.8.jar, C:\Users\etoun\.m2\repository\me\paulschwarz\spring-dotenv\2.5.4\spring-dotenv-2.5.4.jar]
[DEBUG]   (f) compileSourceRoots = [C:\Users\etoun\Documents\pk48\inscription\soumettre\backend\src\main\java]
[DEBUG]   (f) compilerId = javac
[DEBUG]   (f) createMissingPackageInfoClass = true
[DEBUG]   (f) debug = true
[DEBUG]   (f) debugFileName = javac
[DEBUG]   (f) enablePreview = false
[DEBUG]   (f) encoding = UTF-8
[DEBUG]   (f) failOnError = true
[DEBUG]   (f) failOnWarning = false
[DEBUG]   (f) fileExtensions = [jar, class]
[DEBUG]   (f) forceJavacCompilerUse = false
[DEBUG]   (f) forceLegacyJavacApi = false
[DEBUG]   (f) fork = false
[DEBUG]   (f) generatedSourcesDirectory = C:\Users\etoun\Documents\pk48\inscription\soumettre\backend\target\generated-sources\annotations
[DEBUG]   (f) moduleVersion = 0.0.1-SNAPSHOT
[DEBUG]   (f) mojoExecution = org.apache.maven.plugins:maven-compiler-plugin:3.14.0:compile {execution: default-compile}
[DEBUG]   (f) optimize = false
[DEBUG]   (f) outputDirectory = C:\Users\etoun\Documents\pk48\inscription\soumettre\backend\target\classes
[DEBUG]   (f) parameters = true
[DEBUG]   (f) project = MavenProject: com.team48:inscription-scolaire:0.0.1-SNAPSHOT @ C:\Users\etoun\Documents\pk48\inscription\soumettre\backend\pom.xml
[DEBUG]   (f) projectArtifact = com.team48:inscription-scolaire:jar:0.0.1-SNAPSHOT
[DEBUG]   (s) release = 17
[DEBUG]   (f) session = org.apache.maven.execution.MavenSession@47be0f9b
[DEBUG]   (f) showCompilationChanges = false
[DEBUG]   (f) showDeprecation = false
[DEBUG]   (f) showWarnings = true
[DEBUG]   (f) skipMultiThreadWarning = false
[DEBUG]   (f) source = 17
[DEBUG]   (f) staleMillis = 0
[DEBUG]   (s) target = 17
[DEBUG]   (f) useIncrementalCompilation = true
[DEBUG]   (f) verbose = false
[DEBUG] -- end configuration --
[DEBUG] Using compiler 'javac'.
[DEBUG] Adding C:\Users\etoun\Documents\pk48\inscription\soumettre\backend\target\generated-sources\annotations to compile source roots:
  C:\Users\etoun\Documents\pk48\inscription\soumettre\backend\src\main\java
[DEBUG] New compile source roots:
  C:\Users\etoun\Documents\pk48\inscription\soumettre\backend\src\main\java
  C:\Users\etoun\Documents\pk48\inscription\soumettre\backend\target\generated-sources\annotations
[DEBUG] Dependency collection stats {ConflictMarker.analyzeTime=24200, ConflictMarker.markTime=15600, ConflictMarker.nodeCount=3, ConflictIdSorter.graphTime=13600, ConflictIdSorter.topsortTime=10200, ConflictIdSorter.conflictIdCount=2, ConflictIdSorter.conflictIdCycleCount=0, ConflictResolver.totalTime=103400, ConflictResolver.conflictItemCount=2, DfDependencyCollector.collectTime=7426100, DfDependencyCollector.transformTime=186200}
[DEBUG] CompilerReuseStrategy: reuseCreated
[DEBUG] useIncrementalCompilation enabled
[INFO] 	Stale source detected: C:\Users\etoun\Documents\pk48\inscription\soumettre\backend\src\main\java\com\team48\inscriptionscolaire\role\RoleMapper.java
[INFO] 	Stale source detected: C:\Users\etoun\Documents\pk48\inscription\soumettre\backend\src\main\java\com\team48\inscriptionscolaire\email\EmailService.java
[INFO] 	Stale source detected: C:\Users\etoun\Documents\pk48\inscription\soumettre\backend\src\main\java\com\team48\inscriptionscolaire\config\StripeConfig.java
[INFO] 	Stale source detected: C:\Users\etoun\Documents\pk48\inscription\soumettre\backend\src\main\java\com\team48\inscriptionscolaire\handler\BusinessErrorCode.java
[INFO] 	Stale source detected: C:\Users\etoun\Documents\pk48\inscription\soumettre\backend\src\main\java\com\team48\inscriptionscolaire\statistics\StatisticsController.java
[INFO] 	Stale source detected: C:\Users\etoun\Documents\pk48\inscription\soumettre\backend\src\main\java\com\team48\inscriptionscolaire\statistics\LastEnrollmentDto.java
[INFO] 	Stale source detected: C:\Users\etoun\Documents\pk48\inscription\soumettre\backend\src\main\java\com\team48\inscriptionscolaire\enrollment\PersonalInfoDto.java
[INFO] 	Stale source detected: C:\Users\etoun\Documents\pk48\inscription\soumettre\backend\src\main\java\com\team48\inscriptionscolaire\contact\ContactController.java
[INFO] 	Stale source detected: C:\Users\etoun\Documents\pk48\inscription\soumettre\backend\src\main\java\com\team48\inscriptionscolaire\auth\AuthenticationResponse.java
[INFO] 	Stale source detected: C:\Users\etoun\Documents\pk48\inscription\soumettre\backend\src\main\java\com\team48\inscriptionscolaire\contact\ContactFormDTO.java
[INFO] 	Stale source detected: C:\Users\etoun\Documents\pk48\inscription\soumettre\backend\src\main\java\com\team48\inscriptionscolaire\enrollment\AcademicInfoDto.java
[INFO] 	Stale source detected: C:\Users\etoun\Documents\pk48\inscription\soumettre\backend\src\main\java\com\team48\inscriptionscolaire\enrollment\ContactDetailsDto.java
[INFO] 	Stale source detected: C:\Users\etoun\Documents\pk48\inscription\soumettre\backend\src\main\java\com\team48\inscriptionscolaire\program\ProgramResponseDTO.java
[INFO] 	Stale source detected: C:\Users\etoun\Documents\pk48\inscription\soumettre\backend\src\main\java\com\team48\inscriptionscolaire\config\OpenApiConfig.java
[INFO] 	Stale source detected: C:\Users\etoun\Documents\pk48\inscription\soumettre\backend\src\main\java\com\team48\inscriptionscolaire\user\UserResponseDto.java
[INFO] 	Stale source detected: C:\Users\etoun\Documents\pk48\inscription\soumettre\backend\src\main\java\com\team48\inscriptionscolaire\student\MaritalStatus.java
[INFO] 	Stale source detected: C:\Users\etoun\Documents\pk48\inscription\soumettre\backend\src\main\java\com\team48\inscriptionscolaire\document\DocumentRepository.java
[INFO] 	Stale source detected: C:\Users\etoun\Documents\pk48\inscription\soumettre\backend\src\main\java\com\team48\inscriptionscolaire\user\TokenMapper.java
[INFO] 	Stale source detected: C:\Users\etoun\Documents\pk48\inscription\soumettre\backend\src\main\java\com\team48\inscriptionscolaire\document\DocumentDto.java
[INFO] 	Stale source detected: C:\Users\etoun\Documents\pk48\inscription\soumettre\backend\src\main\java\com\team48\inscriptionscolaire\stripe\PaymentService.java
[INFO] 	Stale source detected: C:\Users\etoun\Documents\pk48\inscription\soumettre\backend\src\main\java\com\team48\inscriptionscolaire\admin\AdminMapper.java
[INFO] 	Stale source detected: C:\Users\etoun\Documents\pk48\inscription\soumettre\backend\src\main\java\com\team48\inscriptionscolaire\document\DocumentUtils.java
[INFO] 	Stale source detected: C:\Users\etoun\Documents\pk48\inscription\soumettre\backend\src\main\java\com\team48\inscriptionscolaire\notification\NotificationRepository.java
[INFO] 	Stale source detected: C:\Users\etoun\Documents\pk48\inscription\soumettre\backend\src\main\java\com\team48\inscriptionscolaire\common\PageResponse.java
[INFO] 	Stale source detected: C:\Users\etoun\Documents\pk48\inscription\soumettre\backend\src\main\java\com\team48\inscriptionscolaire\config\ApplicationAuditedAware.java
[INFO] 	Stale source detected: C:\Users\etoun\Documents\pk48\inscription\soumettre\backend\src\main\java\com\team48\inscriptionscolaire\enrollment\EnrollmentRequestDto.java
[INFO] 	Stale source detected: C:\Users\etoun\Documents\pk48\inscription\soumettre\backend\src\main\java\com\team48\inscriptionscolaire\document\DocumentTypeSubmitted.java
[INFO] 	Stale source detected: C:\Users\etoun\Documents\pk48\inscription\soumettre\backend\src\main\java\com\team48\inscriptionscolaire\learnModule\LearnModuleService.java
[INFO] 	Stale source detected: C:\Users\etoun\Documents\pk48\inscription\soumettre\backend\src\main\java\com\team48\inscriptionscolaire\role\RoleDto.java
[INFO] 	Stale source detected: C:\Users\etoun\Documents\pk48\inscription\soumettre\backend\src\main\java\com\team48\inscriptionscolaire\enrollment\EnrollmentSubmissionDto.java
[INFO] 	Stale source detected: C:\Users\etoun\Documents\pk48\inscription\soumettre\backend\src\main\java\com\team48\inscriptionscolaire\notification\Notification.java
[INFO] 	Stale source detected: C:\Users\etoun\Documents\pk48\inscription\soumettre\backend\src\main\java\com\team48\inscriptionscolaire\security\JwtFilter.java
[INFO] 	Stale source detected: C:\Users\etoun\Documents\pk48\inscription\soumettre\backend\src\main\java\com\team48\inscriptionscolaire\learnModule\LearnModuleDTO.java
[INFO] 	Stale source detected: C:\Users\etoun\Documents\pk48\inscription\soumettre\backend\src\main\java\com\team48\inscriptionscolaire\statistics\LastPaymentDto.java
[INFO] 	Stale source detected: C:\Users\etoun\Documents\pk48\inscription\soumettre\backend\src\main\java\com\team48\inscriptionscolaire\payment\Payment.java
[INFO] 	Stale source detected: C:\Users\etoun\Documents\pk48\inscription\soumettre\backend\src\main\java\com\team48\inscriptionscolaire\enrollment\EnrollmentMapper.java
[INFO] 	Stale source detected: C:\Users\etoun\Documents\pk48\inscription\soumettre\backend\src\main\java\com\team48\inscriptionscolaire\enrollment\EnrollmentDtoRequest.java
[INFO] 	Stale source detected: C:\Users\etoun\Documents\pk48\inscription\soumettre\backend\src\main\java\com\team48\inscriptionscolaire\statistics\StatisticsDto.java
[INFO] 	Stale source detected: C:\Users\etoun\Documents\pk48\inscription\soumettre\backend\src\main\java\com\team48\inscriptionscolaire\config\WebSocketConfig.java
[INFO] 	Stale source detected: C:\Users\etoun\Documents\pk48\inscription\soumettre\backend\src\main\java\com\team48\inscriptionscolaire\enrollment\EmergencyContactDto.java
[INFO] 	Stale source detected: C:\Users\etoun\Documents\pk48\inscription\soumettre\backend\src\main\java\com\team48\inscriptionscolaire\role\RoleRepository.java
[INFO] 	Stale source detected: C:\Users\etoun\Documents\pk48\inscription\soumettre\backend\src\main\java\com\team48\inscriptionscolaire\user\UserRequestDto.java
[INFO] 	Stale source detected: C:\Users\etoun\Documents\pk48\inscription\soumettre\backend\src\main\java\com\team48\inscriptionscolaire\program\ProgramController.java
[INFO] 	Stale source detected: C:\Users\etoun\Documents\pk48\inscription\soumettre\backend\src\main\java\com\team48\inscriptionscolaire\document\FileUploadConfig.java
[INFO] 	Stale source detected: C:\Users\etoun\Documents\pk48\inscription\soumettre\backend\src\main\java\com\team48\inscriptionscolaire\learnModule\LearnModule.java
[INFO] 	Stale source detected: C:\Users\etoun\Documents\pk48\inscription\soumettre\backend\src\main\java\com\team48\inscriptionscolaire\auth\AuthenticationRequest.java
[INFO] 	Stale source detected: C:\Users\etoun\Documents\pk48\inscription\soumettre\backend\src\main\java\com\team48\inscriptionscolaire\document\DocumentMapper.java
[INFO] 	Stale source detected: C:\Users\etoun\Documents\pk48\inscription\soumettre\backend\src\main\java\com\team48\inscriptionscolaire\stripe\PaymentController.java
[INFO] 	Stale source detected: C:\Users\etoun\Documents\pk48\inscription\soumettre\backend\src\main\java\com\team48\inscriptionscolaire\security\JwtService.java
[INFO] 	Stale source detected: C:\Users\etoun\Documents\pk48\inscription\soumettre\backend\src\main\java\com\team48\inscriptionscolaire\statistics\LastDocumentDto.java
[INFO] 	Stale source detected: C:\Users\etoun\Documents\pk48\inscription\soumettre\backend\src\main\java\com\team48\inscriptionscolaire\user\TokenRepository.java
[INFO] 	Stale source detected: C:\Users\etoun\Documents\pk48\inscription\soumettre\backend\src\main\java\com\team48\inscriptionscolaire\auth\RegistrationRequest.java
[INFO] 	Stale source detected: C:\Users\etoun\Documents\pk48\inscription\soumettre\backend\src\main\java\com\team48\inscriptionscolaire\enrollment\Enrollment.java
[INFO] 	Stale source detected: C:\Users\etoun\Documents\pk48\inscription\soumettre\backend\src\main\java\com\team48\inscriptionscolaire\user\User.java
[INFO] 	Stale source detected: C:\Users\etoun\Documents\pk48\inscription\soumettre\backend\src\main\java\com\team48\inscriptionscolaire\config\AppConfig.java
[INFO] 	Stale source detected: C:\Users\etoun\Documents\pk48\inscription\soumettre\backend\src\main\java\com\team48\inscriptionscolaire\learnModule\LearnModuleRepository.java
[INFO] 	Stale source detected: C:\Users\etoun\Documents\pk48\inscription\soumettre\backend\src\main\java\com\team48\inscriptionscolaire\notification\NotificationDto.java
[INFO] 	Stale source detected: C:\Users\etoun\Documents\pk48\inscription\soumettre\backend\src\main\java\com\team48\inscriptionscolaire\security\SecurityConfig.java
[INFO] 	Stale source detected: C:\Users\etoun\Documents\pk48\inscription\soumettre\backend\src\main\java\com\team48\inscriptionscolaire\exception\OperationNotPermitException.java
[INFO] 	Stale source detected: C:\Users\etoun\Documents\pk48\inscription\soumettre\backend\src\main\java\com\team48\inscriptionscolaire\auth\PasswordResetRequest.java
[INFO] 	Stale source detected: C:\Users\etoun\Documents\pk48\inscription\soumettre\backend\src\main\java\com\team48\inscriptionscolaire\user\Token.java
[INFO] 	Stale source detected: C:\Users\etoun\Documents\pk48\inscription\soumettre\backend\src\main\java\com\team48\inscriptionscolaire\document\Document.java
[INFO] 	Stale source detected: C:\Users\etoun\Documents\pk48\inscription\soumettre\backend\src\main\java\com\team48\inscriptionscolaire\statistics\StatisticsService.java
[INFO] 	Stale source detected: C:\Users\etoun\Documents\pk48\inscription\soumettre\backend\src\main\java\com\team48\inscriptionscolaire\enrollment\PersonalInfo.java
[INFO] 	Stale source detected: C:\Users\etoun\Documents\pk48\inscription\soumettre\backend\src\main\java\com\team48\inscriptionscolaire\config\CorsConfig.java
[INFO] 	Stale source detected: C:\Users\etoun\Documents\pk48\inscription\soumettre\backend\src\main\java\com\team48\inscriptionscolaire\InscriptionScolaireApplication.java
[INFO] 	Stale source detected: C:\Users\etoun\Documents\pk48\inscription\soumettre\backend\src\main\java\com\team48\inscriptionscolaire\enrollment\EnrollmentController.java
[INFO] 	Stale source detected: C:\Users\etoun\Documents\pk48\inscription\soumettre\backend\src\main\java\com\team48\inscriptionscolaire\notification\NotificationMapper.java
[INFO] 	Stale source detected: C:\Users\etoun\Documents\pk48\inscription\soumettre\backend\src\main\java\com\team48\inscriptionscolaire\user\PasswordChangeRequest.java
[INFO] 	Stale source detected: C:\Users\etoun\Documents\pk48\inscription\soumettre\backend\src\main\java\com\team48\inscriptionscolaire\stripe\PaymentRequestDto.java
[INFO] 	Stale source detected: C:\Users\etoun\Documents\pk48\inscription\soumettre\backend\src\main\java\com\team48\inscriptionscolaire\enrollment\ContactDetails.java
[INFO] 	Stale source detected: C:\Users\etoun\Documents\pk48\inscription\soumettre\backend\src\main\java\com\team48\inscriptionscolaire\notification\NotificationService.java
[INFO] 	Stale source detected: C:\Users\etoun\Documents\pk48\inscription\soumettre\backend\src\main\java\com\team48\inscriptionscolaire\admin\AdminResponseDto.java
[INFO] 	Stale source detected: C:\Users\etoun\Documents\pk48\inscription\soumettre\backend\src\main\java\com\team48\inscriptionscolaire\auth\AuthenticationController.java
[INFO] 	Stale source detected: C:\Users\etoun\Documents\pk48\inscription\soumettre\backend\src\main\java\com\team48\inscriptionscolaire\security\UserDetailsServiceImpl.java
[INFO] 	Stale source detected: C:\Users\etoun\Documents\pk48\inscription\soumettre\backend\src\main\java\com\team48\inscriptionscolaire\enrollment\AcademicInfo.java
[INFO] 	Stale source detected: C:\Users\etoun\Documents\pk48\inscription\soumettre\backend\src\main\java\com\team48\inscriptionscolaire\enrollment\EnrollmentDtoResponse.java
[INFO] 	Stale source detected: C:\Users\etoun\Documents\pk48\inscription\soumettre\backend\src\main\java\com\team48\inscriptionscolaire\stripe\PaymentResponseDto.java
[INFO] 	Stale source detected: C:\Users\etoun\Documents\pk48\inscription\soumettre\backend\src\main\java\com\team48\inscriptionscolaire\program\ProgramRequestDTO.java
[INFO] 	Stale source detected: C:\Users\etoun\Documents\pk48\inscription\soumettre\backend\src\main\java\com\team48\inscriptionscolaire\stripe\PaymentServiceImpl.java
[INFO] 	Stale source detected: C:\Users\etoun\Documents\pk48\inscription\soumettre\backend\src\main\java\com\team48\inscriptionscolaire\handler\GlobalExceptionHandler.java
[INFO] 	Stale source detected: C:\Users\etoun\Documents\pk48\inscription\soumettre\backend\src\main\java\com\team48\inscriptionscolaire\learnModule\LearnModuleMapper.java
[INFO] 	Stale source detected: C:\Users\etoun\Documents\pk48\inscription\soumettre\backend\src\main\java\com\team48\inscriptionscolaire\payment\PaymentMapper.java
[INFO] 	Stale source detected: C:\Users\etoun\Documents\pk48\inscription\soumettre\backend\src\main\java\com\team48\inscriptionscolaire\program\Program.java
[INFO] 	Stale source detected: C:\Users\etoun\Documents\pk48\inscription\soumettre\backend\src\main\java\com\team48\inscriptionscolaire\auth\AuthenticationService.java
[INFO] 	Stale source detected: C:\Users\etoun\Documents\pk48\inscription\soumettre\backend\src\main\java\com\team48\inscriptionscolaire\user\UserController.java
[INFO] 	Stale source detected: C:\Users\etoun\Documents\pk48\inscription\soumettre\backend\src\main\java\com\team48\inscriptionscolaire\config\BeansConfig.java
[INFO] 	Stale source detected: C:\Users\etoun\Documents\pk48\inscription\soumettre\backend\src\main\java\com\team48\inscriptionscolaire\program\ProgramService.java
[INFO] 	Stale source detected: C:\Users\etoun\Documents\pk48\inscription\soumettre\backend\src\main\java\com\team48\inscriptionscolaire\contact\ContactService.java
[INFO] 	Stale source detected: C:\Users\etoun\Documents\pk48\inscription\soumettre\backend\src\main\java\com\team48\inscriptionscolaire\user\UserRepository.java
[INFO] 	Stale source detected: C:\Users\etoun\Documents\pk48\inscription\soumettre\backend\src\main\java\com\team48\inscriptionscolaire\email\EmailTemplateName.java
[INFO] 	Stale source detected: C:\Users\etoun\Documents\pk48\inscription\soumettre\backend\src\main\java\com\team48\inscriptionscolaire\user\PasswordUpdateRequest.java
[INFO] 	Stale source detected: C:\Users\etoun\Documents\pk48\inscription\soumettre\backend\src\main\java\com\team48\inscriptionscolaire\learnModule\LearnModuleController.java
[INFO] 	Stale source detected: C:\Users\etoun\Documents\pk48\inscription\soumettre\backend\src\main\java\com\team48\inscriptionscolaire\enrollment\EnrollmentStatus.java
[INFO] 	Stale source detected: C:\Users\etoun\Documents\pk48\inscription\soumettre\backend\src\main\java\com\team48\inscriptionscolaire\config\DatabaseInitializer.java
[INFO] 	Stale source detected: C:\Users\etoun\Documents\pk48\inscription\soumettre\backend\src\main\java\com\team48\inscriptionscolaire\statistics\StatisticsRepository.java
[INFO] 	Stale source detected: C:\Users\etoun\Documents\pk48\inscription\soumettre\backend\src\main\java\com\team48\inscriptionscolaire\user\UserService.java
[INFO] 	Stale source detected: C:\Users\etoun\Documents\pk48\inscription\soumettre\backend\src\main\java\com\team48\inscriptionscolaire\user\TokenDto.java
[INFO] 	Stale source detected: C:\Users\etoun\Documents\pk48\inscription\soumettre\backend\src\main\java\com\team48\inscriptionscolaire\enrollment\EmergencyContact.java
[INFO] 	Stale source detected: C:\Users\etoun\Documents\pk48\inscription\soumettre\backend\src\main\java\com\team48\inscriptionscolaire\admin\Admin.java
[INFO] 	Stale source detected: C:\Users\etoun\Documents\pk48\inscription\soumettre\backend\src\main\java\com\team48\inscriptionscolaire\admin\AdminRequestDto.java
[INFO] 	Stale source detected: C:\Users\etoun\Documents\pk48\inscription\soumettre\backend\src\main\java\com\team48\inscriptionscolaire\enrollment\StatusSubmission.java
[INFO] 	Stale source detected: C:\Users\etoun\Documents\pk48\inscription\soumettre\backend\src\main\java\com\team48\inscriptionscolaire\handler\ExceptionResponse.java
[INFO] 	Stale source detected: C:\Users\etoun\Documents\pk48\inscription\soumettre\backend\src\main\java\com\team48\inscriptionscolaire\notification\NotificationController.java
[INFO] 	Stale source detected: C:\Users\etoun\Documents\pk48\inscription\soumettre\backend\src\main\java\com\team48\inscriptionscolaire\payment\PaymentDto.java
[INFO] 	Stale source detected: C:\Users\etoun\Documents\pk48\inscription\soumettre\backend\src\main\java\com\team48\inscriptionscolaire\document\DocumentController.java
[INFO] 	Stale source detected: C:\Users\etoun\Documents\pk48\inscription\soumettre\backend\src\main\java\com\team48\inscriptionscolaire\payment\PaymentType.java
[INFO] 	Stale source detected: C:\Users\etoun\Documents\pk48\inscription\soumettre\backend\src\main\java\com\team48\inscriptionscolaire\program\ProgramRepository.java
[INFO] 	Stale source detected: C:\Users\etoun\Documents\pk48\inscription\soumettre\backend\src\main\java\com\team48\inscriptionscolaire\document\DocumentService.java
[INFO] 	Stale source detected: C:\Users\etoun\Documents\pk48\inscription\soumettre\backend\src\main\java\com\team48\inscriptionscolaire\program\ProgramMapper.java
[INFO] 	Stale source detected: C:\Users\etoun\Documents\pk48\inscription\soumettre\backend\src\main\java\com\team48\inscriptionscolaire\common\BaseEntity.java
[INFO] 	Stale source detected: C:\Users\etoun\Documents\pk48\inscription\soumettre\backend\src\main\java\com\team48\inscriptionscolaire\document\ValidationStatus.java
[INFO] 	Stale source detected: C:\Users\etoun\Documents\pk48\inscription\soumettre\backend\src\main\java\com\team48\inscriptionscolaire\student\Student.java
[INFO] 	Stale source detected: C:\Users\etoun\Documents\pk48\inscription\soumettre\backend\src\main\java\com\team48\inscriptionscolaire\role\Role.java
[INFO] 	Stale source detected: C:\Users\etoun\Documents\pk48\inscription\soumettre\backend\src\main\java\com\team48\inscriptionscolaire\enrollment\EnrollmentService.java
[INFO] 	Stale source detected: C:\Users\etoun\Documents\pk48\inscription\soumettre\backend\src\main\java\com\team48\inscriptionscolaire\enrollment\RejectionReasonDto.java
[INFO] 	Stale source detected: C:\Users\etoun\Documents\pk48\inscription\soumettre\backend\src\main\java\com\team48\inscriptionscolaire\user\UserMapper.java
[INFO] 	Stale source detected: C:\Users\etoun\Documents\pk48\inscription\soumettre\backend\src\main\java\com\team48\inscriptionscolaire\payment\PaymentRepository.java
[INFO] 	Stale source detected: C:\Users\etoun\Documents\pk48\inscription\soumettre\backend\src\main\java\com\team48\inscriptionscolaire\enrollment\EnrollmentRepository.java
[INFO] 	Input tree files (+): C:\Users\etoun\Documents\pk48\inscription\soumettre\backend\src\main\java\com\team48\inscriptionscolaire\admin\Admin.java
[INFO] 	Input tree files (+): C:\Users\etoun\Documents\pk48\inscription\soumettre\backend\src\main\java\com\team48\inscriptionscolaire\admin\AdminMapper.java
[INFO] 	Input tree files (+): C:\Users\etoun\Documents\pk48\inscription\soumettre\backend\src\main\java\com\team48\inscriptionscolaire\admin\AdminRequestDto.java
[INFO] 	Input tree files (+): C:\Users\etoun\Documents\pk48\inscription\soumettre\backend\src\main\java\com\team48\inscriptionscolaire\admin\AdminResponseDto.java
[INFO] 	Input tree files (+): C:\Users\etoun\Documents\pk48\inscription\soumettre\backend\src\main\java\com\team48\inscriptionscolaire\auth\AuthenticationController.java
[INFO] 	Input tree files (+): C:\Users\etoun\Documents\pk48\inscription\soumettre\backend\src\main\java\com\team48\inscriptionscolaire\auth\AuthenticationRequest.java
[INFO] 	Input tree files (+): C:\Users\etoun\Documents\pk48\inscription\soumettre\backend\src\main\java\com\team48\inscriptionscolaire\auth\AuthenticationResponse.java
[INFO] 	Input tree files (+): C:\Users\etoun\Documents\pk48\inscription\soumettre\backend\src\main\java\com\team48\inscriptionscolaire\auth\AuthenticationService.java
[INFO] 	Input tree files (+): C:\Users\etoun\Documents\pk48\inscription\soumettre\backend\src\main\java\com\team48\inscriptionscolaire\auth\PasswordResetRequest.java
[INFO] 	Input tree files (+): C:\Users\etoun\Documents\pk48\inscription\soumettre\backend\src\main\java\com\team48\inscriptionscolaire\auth\RegistrationRequest.java
[INFO] 	Input tree files (+): C:\Users\etoun\Documents\pk48\inscription\soumettre\backend\src\main\java\com\team48\inscriptionscolaire\common\BaseEntity.java
[INFO] 	Input tree files (+): C:\Users\etoun\Documents\pk48\inscription\soumettre\backend\src\main\java\com\team48\inscriptionscolaire\common\PageResponse.java
[INFO] 	Input tree files (+): C:\Users\etoun\Documents\pk48\inscription\soumettre\backend\src\main\java\com\team48\inscriptionscolaire\config\AppConfig.java
[INFO] 	Input tree files (+): C:\Users\etoun\Documents\pk48\inscription\soumettre\backend\src\main\java\com\team48\inscriptionscolaire\config\ApplicationAuditedAware.java
[INFO] 	Input tree files (+): C:\Users\etoun\Documents\pk48\inscription\soumettre\backend\src\main\java\com\team48\inscriptionscolaire\config\BeansConfig.java
[INFO] 	Input tree files (+): C:\Users\etoun\Documents\pk48\inscription\soumettre\backend\src\main\java\com\team48\inscriptionscolaire\config\CorsConfig.java
[INFO] 	Input tree files (+): C:\Users\etoun\Documents\pk48\inscription\soumettre\backend\src\main\java\com\team48\inscriptionscolaire\config\DatabaseInitializer.java
[INFO] 	Input tree files (+): C:\Users\etoun\Documents\pk48\inscription\soumettre\backend\src\main\java\com\team48\inscriptionscolaire\config\OpenApiConfig.java
[INFO] 	Input tree files (+): C:\Users\etoun\Documents\pk48\inscription\soumettre\backend\src\main\java\com\team48\inscriptionscolaire\config\StripeConfig.java
[INFO] 	Input tree files (+): C:\Users\etoun\Documents\pk48\inscription\soumettre\backend\src\main\java\com\team48\inscriptionscolaire\config\WebSocketConfig.java
[INFO] 	Input tree files (+): C:\Users\etoun\Documents\pk48\inscription\soumettre\backend\src\main\java\com\team48\inscriptionscolaire\contact\ContactController.java
[INFO] 	Input tree files (+): C:\Users\etoun\Documents\pk48\inscription\soumettre\backend\src\main\java\com\team48\inscriptionscolaire\contact\ContactFormDTO.java
[INFO] 	Input tree files (+): C:\Users\etoun\Documents\pk48\inscription\soumettre\backend\src\main\java\com\team48\inscriptionscolaire\contact\ContactService.java
[INFO] 	Input tree files (+): C:\Users\etoun\Documents\pk48\inscription\soumettre\backend\src\main\java\com\team48\inscriptionscolaire\document\Document.java
[INFO] 	Input tree files (+): C:\Users\etoun\Documents\pk48\inscription\soumettre\backend\src\main\java\com\team48\inscriptionscolaire\document\DocumentController.java
[INFO] 	Input tree files (+): C:\Users\etoun\Documents\pk48\inscription\soumettre\backend\src\main\java\com\team48\inscriptionscolaire\document\DocumentDto.java
[INFO] 	Input tree files (+): C:\Users\etoun\Documents\pk48\inscription\soumettre\backend\src\main\java\com\team48\inscriptionscolaire\document\DocumentMapper.java
[INFO] 	Input tree files (+): C:\Users\etoun\Documents\pk48\inscription\soumettre\backend\src\main\java\com\team48\inscriptionscolaire\document\DocumentRepository.java
[INFO] 	Input tree files (+): C:\Users\etoun\Documents\pk48\inscription\soumettre\backend\src\main\java\com\team48\inscriptionscolaire\document\DocumentService.java
[INFO] 	Input tree files (+): C:\Users\etoun\Documents\pk48\inscription\soumettre\backend\src\main\java\com\team48\inscriptionscolaire\document\DocumentTypeSubmitted.java
[INFO] 	Input tree files (+): C:\Users\etoun\Documents\pk48\inscription\soumettre\backend\src\main\java\com\team48\inscriptionscolaire\document\DocumentUtils.java
[INFO] 	Input tree files (+): C:\Users\etoun\Documents\pk48\inscription\soumettre\backend\src\main\java\com\team48\inscriptionscolaire\document\FileUploadConfig.java
[INFO] 	Input tree files (+): C:\Users\etoun\Documents\pk48\inscription\soumettre\backend\src\main\java\com\team48\inscriptionscolaire\document\ValidationStatus.java
[INFO] 	Input tree files (+): C:\Users\etoun\Documents\pk48\inscription\soumettre\backend\src\main\java\com\team48\inscriptionscolaire\email\EmailService.java
[INFO] 	Input tree files (+): C:\Users\etoun\Documents\pk48\inscription\soumettre\backend\src\main\java\com\team48\inscriptionscolaire\email\EmailTemplateName.java
[INFO] 	Input tree files (+): C:\Users\etoun\Documents\pk48\inscription\soumettre\backend\src\main\java\com\team48\inscriptionscolaire\enrollment\AcademicInfo.java
[INFO] 	Input tree files (+): C:\Users\etoun\Documents\pk48\inscription\soumettre\backend\src\main\java\com\team48\inscriptionscolaire\enrollment\AcademicInfoDto.java
[INFO] 	Input tree files (+): C:\Users\etoun\Documents\pk48\inscription\soumettre\backend\src\main\java\com\team48\inscriptionscolaire\enrollment\ContactDetails.java
[INFO] 	Input tree files (+): C:\Users\etoun\Documents\pk48\inscription\soumettre\backend\src\main\java\com\team48\inscriptionscolaire\enrollment\ContactDetailsDto.java
[INFO] 	Input tree files (+): C:\Users\etoun\Documents\pk48\inscription\soumettre\backend\src\main\java\com\team48\inscriptionscolaire\enrollment\EmergencyContact.java
[INFO] 	Input tree files (+): C:\Users\etoun\Documents\pk48\inscription\soumettre\backend\src\main\java\com\team48\inscriptionscolaire\enrollment\EmergencyContactDto.java
[INFO] 	Input tree files (+): C:\Users\etoun\Documents\pk48\inscription\soumettre\backend\src\main\java\com\team48\inscriptionscolaire\enrollment\Enrollment.java
[INFO] 	Input tree files (+): C:\Users\etoun\Documents\pk48\inscription\soumettre\backend\src\main\java\com\team48\inscriptionscolaire\enrollment\EnrollmentController.java
[INFO] 	Input tree files (+): C:\Users\etoun\Documents\pk48\inscription\soumettre\backend\src\main\java\com\team48\inscriptionscolaire\enrollment\EnrollmentDtoRequest.java
[INFO] 	Input tree files (+): C:\Users\etoun\Documents\pk48\inscription\soumettre\backend\src\main\java\com\team48\inscriptionscolaire\enrollment\EnrollmentDtoResponse.java
[INFO] 	Input tree files (+): C:\Users\etoun\Documents\pk48\inscription\soumettre\backend\src\main\java\com\team48\inscriptionscolaire\enrollment\EnrollmentMapper.java
[INFO] 	Input tree files (+): C:\Users\etoun\Documents\pk48\inscription\soumettre\backend\src\main\java\com\team48\inscriptionscolaire\enrollment\EnrollmentRepository.java
[INFO] 	Input tree files (+): C:\Users\etoun\Documents\pk48\inscription\soumettre\backend\src\main\java\com\team48\inscriptionscolaire\enrollment\EnrollmentRequestDto.java
[INFO] 	Input tree files (+): C:\Users\etoun\Documents\pk48\inscription\soumettre\backend\src\main\java\com\team48\inscriptionscolaire\enrollment\EnrollmentService.java
[INFO] 	Input tree files (+): C:\Users\etoun\Documents\pk48\inscription\soumettre\backend\src\main\java\com\team48\inscriptionscolaire\enrollment\EnrollmentStatus.java
[INFO] 	Input tree files (+): C:\Users\etoun\Documents\pk48\inscription\soumettre\backend\src\main\java\com\team48\inscriptionscolaire\enrollment\EnrollmentSubmissionDto.java
[INFO] 	Input tree files (+): C:\Users\etoun\Documents\pk48\inscription\soumettre\backend\src\main\java\com\team48\inscriptionscolaire\enrollment\PersonalInfo.java
[INFO] 	Input tree files (+): C:\Users\etoun\Documents\pk48\inscription\soumettre\backend\src\main\java\com\team48\inscriptionscolaire\enrollment\PersonalInfoDto.java
[INFO] 	Input tree files (+): C:\Users\etoun\Documents\pk48\inscription\soumettre\backend\src\main\java\com\team48\inscriptionscolaire\enrollment\RejectionReasonDto.java
[INFO] 	Input tree files (+): C:\Users\etoun\Documents\pk48\inscription\soumettre\backend\src\main\java\com\team48\inscriptionscolaire\enrollment\StatusSubmission.java
[INFO] 	Input tree files (+): C:\Users\etoun\Documents\pk48\inscription\soumettre\backend\src\main\java\com\team48\inscriptionscolaire\exception\OperationNotPermitException.java
[INFO] 	Input tree files (+): C:\Users\etoun\Documents\pk48\inscription\soumettre\backend\src\main\java\com\team48\inscriptionscolaire\handler\BusinessErrorCode.java
[INFO] 	Input tree files (+): C:\Users\etoun\Documents\pk48\inscription\soumettre\backend\src\main\java\com\team48\inscriptionscolaire\handler\ExceptionResponse.java
[INFO] 	Input tree files (+): C:\Users\etoun\Documents\pk48\inscription\soumettre\backend\src\main\java\com\team48\inscriptionscolaire\handler\GlobalExceptionHandler.java
[INFO] 	Input tree files (+): C:\Users\etoun\Documents\pk48\inscription\soumettre\backend\src\main\java\com\team48\inscriptionscolaire\InscriptionScolaireApplication.java
[INFO] 	Input tree files (+): C:\Users\etoun\Documents\pk48\inscription\soumettre\backend\src\main\java\com\team48\inscriptionscolaire\learnModule\LearnModule.java
[INFO] 	Input tree files (+): C:\Users\etoun\Documents\pk48\inscription\soumettre\backend\src\main\java\com\team48\inscriptionscolaire\learnModule\LearnModuleController.java
[INFO] 	Input tree files (+): C:\Users\etoun\Documents\pk48\inscription\soumettre\backend\src\main\java\com\team48\inscriptionscolaire\learnModule\LearnModuleDTO.java
[INFO] 	Input tree files (+): C:\Users\etoun\Documents\pk48\inscription\soumettre\backend\src\main\java\com\team48\inscriptionscolaire\learnModule\LearnModuleMapper.java
[INFO] 	Input tree files (+): C:\Users\etoun\Documents\pk48\inscription\soumettre\backend\src\main\java\com\team48\inscriptionscolaire\learnModule\LearnModuleRepository.java
[INFO] 	Input tree files (+): C:\Users\etoun\Documents\pk48\inscription\soumettre\backend\src\main\java\com\team48\inscriptionscolaire\learnModule\LearnModuleService.java
[INFO] 	Input tree files (+): C:\Users\etoun\Documents\pk48\inscription\soumettre\backend\src\main\java\com\team48\inscriptionscolaire\notification\Notification.java
[INFO] 	Input tree files (+): C:\Users\etoun\Documents\pk48\inscription\soumettre\backend\src\main\java\com\team48\inscriptionscolaire\notification\NotificationController.java
[INFO] 	Input tree files (+): C:\Users\etoun\Documents\pk48\inscription\soumettre\backend\src\main\java\com\team48\inscriptionscolaire\notification\NotificationDto.java
[INFO] 	Input tree files (+): C:\Users\etoun\Documents\pk48\inscription\soumettre\backend\src\main\java\com\team48\inscriptionscolaire\notification\NotificationMapper.java
[INFO] 	Input tree files (+): C:\Users\etoun\Documents\pk48\inscription\soumettre\backend\src\main\java\com\team48\inscriptionscolaire\notification\NotificationRepository.java
[INFO] 	Input tree files (+): C:\Users\etoun\Documents\pk48\inscription\soumettre\backend\src\main\java\com\team48\inscriptionscolaire\notification\NotificationService.java
[INFO] 	Input tree files (+): C:\Users\etoun\Documents\pk48\inscription\soumettre\backend\src\main\java\com\team48\inscriptionscolaire\payment\Payment.java
[INFO] 	Input tree files (+): C:\Users\etoun\Documents\pk48\inscription\soumettre\backend\src\main\java\com\team48\inscriptionscolaire\payment\PaymentDto.java
[INFO] 	Input tree files (+): C:\Users\etoun\Documents\pk48\inscription\soumettre\backend\src\main\java\com\team48\inscriptionscolaire\payment\PaymentMapper.java
[INFO] 	Input tree files (+): C:\Users\etoun\Documents\pk48\inscription\soumettre\backend\src\main\java\com\team48\inscriptionscolaire\payment\PaymentRepository.java
[INFO] 	Input tree files (+): C:\Users\etoun\Documents\pk48\inscription\soumettre\backend\src\main\java\com\team48\inscriptionscolaire\payment\PaymentType.java
[INFO] 	Input tree files (+): C:\Users\etoun\Documents\pk48\inscription\soumettre\backend\src\main\java\com\team48\inscriptionscolaire\program\Program.java
[INFO] 	Input tree files (+): C:\Users\etoun\Documents\pk48\inscription\soumettre\backend\src\main\java\com\team48\inscriptionscolaire\program\ProgramController.java
[INFO] 	Input tree files (+): C:\Users\etoun\Documents\pk48\inscription\soumettre\backend\src\main\java\com\team48\inscriptionscolaire\program\ProgramMapper.java
[INFO] 	Input tree files (+): C:\Users\etoun\Documents\pk48\inscription\soumettre\backend\src\main\java\com\team48\inscriptionscolaire\program\ProgramRepository.java
[INFO] 	Input tree files (+): C:\Users\etoun\Documents\pk48\inscription\soumettre\backend\src\main\java\com\team48\inscriptionscolaire\program\ProgramRequestDTO.java
[INFO] 	Input tree files (+): C:\Users\etoun\Documents\pk48\inscription\soumettre\backend\src\main\java\com\team48\inscriptionscolaire\program\ProgramResponseDTO.java
[INFO] 	Input tree files (+): C:\Users\etoun\Documents\pk48\inscription\soumettre\backend\src\main\java\com\team48\inscriptionscolaire\program\ProgramService.java
[INFO] 	Input tree files (+): C:\Users\etoun\Documents\pk48\inscription\soumettre\backend\src\main\java\com\team48\inscriptionscolaire\role\Role.java
[INFO] 	Input tree files (+): C:\Users\etoun\Documents\pk48\inscription\soumettre\backend\src\main\java\com\team48\inscriptionscolaire\role\RoleDto.java
[INFO] 	Input tree files (+): C:\Users\etoun\Documents\pk48\inscription\soumettre\backend\src\main\java\com\team48\inscriptionscolaire\role\RoleMapper.java
[INFO] 	Input tree files (+): C:\Users\etoun\Documents\pk48\inscription\soumettre\backend\src\main\java\com\team48\inscriptionscolaire\role\RoleRepository.java
[INFO] 	Input tree files (+): C:\Users\etoun\Documents\pk48\inscription\soumettre\backend\src\main\java\com\team48\inscriptionscolaire\security\JwtFilter.java
[INFO] 	Input tree files (+): C:\Users\etoun\Documents\pk48\inscription\soumettre\backend\src\main\java\com\team48\inscriptionscolaire\security\JwtService.java
[INFO] 	Input tree files (+): C:\Users\etoun\Documents\pk48\inscription\soumettre\backend\src\main\java\com\team48\inscriptionscolaire\security\SecurityConfig.java
[INFO] 	Input tree files (+): C:\Users\etoun\Documents\pk48\inscription\soumettre\backend\src\main\java\com\team48\inscriptionscolaire\security\UserDetailsServiceImpl.java
[INFO] 	Input tree files (+): C:\Users\etoun\Documents\pk48\inscription\soumettre\backend\src\main\java\com\team48\inscriptionscolaire\statistics\LastDocumentDto.java
[INFO] 	Input tree files (+): C:\Users\etoun\Documents\pk48\inscription\soumettre\backend\src\main\java\com\team48\inscriptionscolaire\statistics\LastEnrollmentDto.java
[INFO] 	Input tree files (+): C:\Users\etoun\Documents\pk48\inscription\soumettre\backend\src\main\java\com\team48\inscriptionscolaire\statistics\LastPaymentDto.java
[INFO] 	Input tree files (+): C:\Users\etoun\Documents\pk48\inscription\soumettre\backend\src\main\java\com\team48\inscriptionscolaire\statistics\StatisticsController.java
[INFO] 	Input tree files (+): C:\Users\etoun\Documents\pk48\inscription\soumettre\backend\src\main\java\com\team48\inscriptionscolaire\statistics\StatisticsDto.java
[INFO] 	Input tree files (+): C:\Users\etoun\Documents\pk48\inscription\soumettre\backend\src\main\java\com\team48\inscriptionscolaire\statistics\StatisticsRepository.java
[INFO] 	Input tree files (+): C:\Users\etoun\Documents\pk48\inscription\soumettre\backend\src\main\java\com\team48\inscriptionscolaire\statistics\StatisticsService.java
[INFO] 	Input tree files (+): C:\Users\etoun\Documents\pk48\inscription\soumettre\backend\src\main\java\com\team48\inscriptionscolaire\stripe\PaymentController.java
[INFO] 	Input tree files (+): C:\Users\etoun\Documents\pk48\inscription\soumettre\backend\src\main\java\com\team48\inscriptionscolaire\stripe\PaymentRequestDto.java
[INFO] 	Input tree files (+): C:\Users\etoun\Documents\pk48\inscription\soumettre\backend\src\main\java\com\team48\inscriptionscolaire\stripe\PaymentResponseDto.java
[INFO] 	Input tree files (+): C:\Users\etoun\Documents\pk48\inscription\soumettre\backend\src\main\java\com\team48\inscriptionscolaire\stripe\PaymentService.java
[INFO] 	Input tree files (+): C:\Users\etoun\Documents\pk48\inscription\soumettre\backend\src\main\java\com\team48\inscriptionscolaire\stripe\PaymentServiceImpl.java
[INFO] 	Input tree files (+): C:\Users\etoun\Documents\pk48\inscription\soumettre\backend\src\main\java\com\team48\inscriptionscolaire\student\MaritalStatus.java
[INFO] 	Input tree files (+): C:\Users\etoun\Documents\pk48\inscription\soumettre\backend\src\main\java\com\team48\inscriptionscolaire\student\Student.java
[INFO] 	Input tree files (+): C:\Users\etoun\Documents\pk48\inscription\soumettre\backend\src\main\java\com\team48\inscriptionscolaire\user\PasswordChangeRequest.java
[INFO] 	Input tree files (+): C:\Users\etoun\Documents\pk48\inscription\soumettre\backend\src\main\java\com\team48\inscriptionscolaire\user\PasswordUpdateRequest.java
[INFO] 	Input tree files (+): C:\Users\etoun\Documents\pk48\inscription\soumettre\backend\src\main\java\com\team48\inscriptionscolaire\user\Token.java
[INFO] 	Input tree files (+): C:\Users\etoun\Documents\pk48\inscription\soumettre\backend\src\main\java\com\team48\inscriptionscolaire\user\TokenDto.java
[INFO] 	Input tree files (+): C:\Users\etoun\Documents\pk48\inscription\soumettre\backend\src\main\java\com\team48\inscriptionscolaire\user\TokenMapper.java
[INFO] 	Input tree files (+): C:\Users\etoun\Documents\pk48\inscription\soumettre\backend\src\main\java\com\team48\inscriptionscolaire\user\TokenRepository.java
[INFO] 	Input tree files (+): C:\Users\etoun\Documents\pk48\inscription\soumettre\backend\src\main\java\com\team48\inscriptionscolaire\user\User.java
[INFO] 	Input tree files (+): C:\Users\etoun\Documents\pk48\inscription\soumettre\backend\src\main\java\com\team48\inscriptionscolaire\user\UserController.java
[INFO] 	Input tree files (+): C:\Users\etoun\Documents\pk48\inscription\soumettre\backend\src\main\java\com\team48\inscriptionscolaire\user\UserMapper.java
[INFO] 	Input tree files (+): C:\Users\etoun\Documents\pk48\inscription\soumettre\backend\src\main\java\com\team48\inscriptionscolaire\user\UserRepository.java
[INFO] 	Input tree files (+): C:\Users\etoun\Documents\pk48\inscription\soumettre\backend\src\main\java\com\team48\inscriptionscolaire\user\UserRequestDto.java
[INFO] 	Input tree files (+): C:\Users\etoun\Documents\pk48\inscription\soumettre\backend\src\main\java\com\team48\inscriptionscolaire\user\UserResponseDto.java
[INFO] 	Input tree files (+): C:\Users\etoun\Documents\pk48\inscription\soumettre\backend\src\main\java\com\team48\inscriptionscolaire\user\UserService.java
[INFO] Recompiling the module because of changed source code.
[DEBUG] Classpath:
[DEBUG]  C:\Users\etoun\Documents\pk48\inscription\soumettre\backend\target\classes
[DEBUG]  C:\Users\etoun\.m2\repository\org\springframework\boot\spring-boot-starter-web\3.5.3\spring-boot-starter-web-3.5.3.jar
[DEBUG]  C:\Users\etoun\.m2\repository\org\springframework\boot\spring-boot-starter\3.5.3\spring-boot-starter-3.5.3.jar
[DEBUG]  C:\Users\etoun\.m2\repository\org\springframework\boot\spring-boot\3.5.3\spring-boot-3.5.3.jar
[DEBUG]  C:\Users\etoun\.m2\repository\org\springframework\boot\spring-boot-autoconfigure\3.5.3\spring-boot-autoconfigure-3.5.3.jar
[DEBUG]  C:\Users\etoun\.m2\repository\org\springframework\boot\spring-boot-starter-logging\3.5.3\spring-boot-starter-logging-3.5.3.jar
[DEBUG]  C:\Users\etoun\.m2\repository\ch\qos\logback\logback-classic\1.5.18\logback-classic-1.5.18.jar
[DEBUG]  C:\Users\etoun\.m2\repository\ch\qos\logback\logback-core\1.5.18\logback-core-1.5.18.jar
[DEBUG]  C:\Users\etoun\.m2\repository\org\apache\logging\log4j\log4j-to-slf4j\2.24.3\log4j-to-slf4j-2.24.3.jar
[DEBUG]  C:\Users\etoun\.m2\repository\org\apache\logging\log4j\log4j-api\2.24.3\log4j-api-2.24.3.jar
[DEBUG]  C:\Users\etoun\.m2\repository\org\slf4j\jul-to-slf4j\2.0.17\jul-to-slf4j-2.0.17.jar
[DEBUG]  C:\Users\etoun\.m2\repository\jakarta\annotation\jakarta.annotation-api\2.1.1\jakarta.annotation-api-2.1.1.jar
[DEBUG]  C:\Users\etoun\.m2\repository\org\yaml\snakeyaml\2.4\snakeyaml-2.4.jar
[DEBUG]  C:\Users\etoun\.m2\repository\org\springframework\boot\spring-boot-starter-json\3.5.3\spring-boot-starter-json-3.5.3.jar
[DEBUG]  C:\Users\etoun\.m2\repository\com\fasterxml\jackson\datatype\jackson-datatype-jdk8\2.19.1\jackson-datatype-jdk8-2.19.1.jar
[DEBUG]  C:\Users\etoun\.m2\repository\com\fasterxml\jackson\datatype\jackson-datatype-jsr310\2.19.1\jackson-datatype-jsr310-2.19.1.jar
[DEBUG]  C:\Users\etoun\.m2\repository\com\fasterxml\jackson\module\jackson-module-parameter-names\2.19.1\jackson-module-parameter-names-2.19.1.jar
[DEBUG]  C:\Users\etoun\.m2\repository\org\springframework\boot\spring-boot-starter-tomcat\3.5.3\spring-boot-starter-tomcat-3.5.3.jar
[DEBUG]  C:\Users\etoun\.m2\repository\org\apache\tomcat\embed\tomcat-embed-core\10.1.42\tomcat-embed-core-10.1.42.jar
[DEBUG]  C:\Users\etoun\.m2\repository\org\apache\tomcat\embed\tomcat-embed-el\10.1.42\tomcat-embed-el-10.1.42.jar
[DEBUG]  C:\Users\etoun\.m2\repository\org\apache\tomcat\embed\tomcat-embed-websocket\10.1.42\tomcat-embed-websocket-10.1.42.jar
[DEBUG]  C:\Users\etoun\.m2\repository\org\springframework\spring-web\6.2.8\spring-web-6.2.8.jar
[DEBUG]  C:\Users\etoun\.m2\repository\org\springframework\spring-beans\6.2.8\spring-beans-6.2.8.jar
[DEBUG]  C:\Users\etoun\.m2\repository\io\micrometer\micrometer-observation\1.15.1\micrometer-observation-1.15.1.jar
[DEBUG]  C:\Users\etoun\.m2\repository\io\micrometer\micrometer-commons\1.15.1\micrometer-commons-1.15.1.jar
[DEBUG]  C:\Users\etoun\.m2\repository\org\springframework\spring-webmvc\6.2.8\spring-webmvc-6.2.8.jar
[DEBUG]  C:\Users\etoun\.m2\repository\org\springframework\spring-context\6.2.8\spring-context-6.2.8.jar
[DEBUG]  C:\Users\etoun\.m2\repository\org\springframework\spring-expression\6.2.8\spring-expression-6.2.8.jar
[DEBUG]  C:\Users\etoun\.m2\repository\org\springframework\boot\spring-boot-starter-data-jpa\3.5.3\spring-boot-starter-data-jpa-3.5.3.jar
[DEBUG]  C:\Users\etoun\.m2\repository\org\springframework\boot\spring-boot-starter-jdbc\3.5.3\spring-boot-starter-jdbc-3.5.3.jar
[DEBUG]  C:\Users\etoun\.m2\repository\com\zaxxer\HikariCP\6.3.0\HikariCP-6.3.0.jar
[DEBUG]  C:\Users\etoun\.m2\repository\org\springframework\spring-jdbc\6.2.8\spring-jdbc-6.2.8.jar
[DEBUG]  C:\Users\etoun\.m2\repository\org\hibernate\orm\hibernate-core\6.6.18.Final\hibernate-core-6.6.18.Final.jar
[DEBUG]  C:\Users\etoun\.m2\repository\jakarta\persistence\jakarta.persistence-api\3.1.0\jakarta.persistence-api-3.1.0.jar
[DEBUG]  C:\Users\etoun\.m2\repository\jakarta\transaction\jakarta.transaction-api\2.0.1\jakarta.transaction-api-2.0.1.jar
[DEBUG]  C:\Users\etoun\.m2\repository\org\antlr\antlr4-runtime\4.13.0\antlr4-runtime-4.13.0.jar
[DEBUG]  C:\Users\etoun\.m2\repository\org\springframework\data\spring-data-jpa\3.5.1\spring-data-jpa-3.5.1.jar
[DEBUG]  C:\Users\etoun\.m2\repository\org\springframework\data\spring-data-commons\3.5.1\spring-data-commons-3.5.1.jar
[DEBUG]  C:\Users\etoun\.m2\repository\org\springframework\spring-orm\6.2.8\spring-orm-6.2.8.jar
[DEBUG]  C:\Users\etoun\.m2\repository\org\springframework\spring-tx\6.2.8\spring-tx-6.2.8.jar
[DEBUG]  C:\Users\etoun\.m2\repository\org\slf4j\slf4j-api\2.0.17\slf4j-api-2.0.17.jar
[DEBUG]  C:\Users\etoun\.m2\repository\org\springframework\spring-aspects\6.2.8\spring-aspects-6.2.8.jar
[DEBUG]  C:\Users\etoun\.m2\repository\org\aspectj\aspectjweaver\1.9.24\aspectjweaver-1.9.24.jar
[DEBUG]  C:\Users\etoun\.m2\repository\org\springframework\boot\spring-boot-starter-security\3.5.3\spring-boot-starter-security-3.5.3.jar
[DEBUG]  C:\Users\etoun\.m2\repository\org\springframework\spring-aop\6.2.8\spring-aop-6.2.8.jar
[DEBUG]  C:\Users\etoun\.m2\repository\org\springframework\security\spring-security-config\6.5.1\spring-security-config-6.5.1.jar
[DEBUG]  C:\Users\etoun\.m2\repository\org\springframework\security\spring-security-web\6.5.1\spring-security-web-6.5.1.jar
[DEBUG]  C:\Users\etoun\.m2\repository\org\springframework\boot\spring-boot-starter-mail\3.5.3\spring-boot-starter-mail-3.5.3.jar
[DEBUG]  C:\Users\etoun\.m2\repository\org\springframework\spring-context-support\6.2.8\spring-context-support-6.2.8.jar
[DEBUG]  C:\Users\etoun\.m2\repository\org\eclipse\angus\jakarta.mail\2.0.3\jakarta.mail-2.0.3.jar
[DEBUG]  C:\Users\etoun\.m2\repository\jakarta\activation\jakarta.activation-api\2.1.3\jakarta.activation-api-2.1.3.jar
[DEBUG]  C:\Users\etoun\.m2\repository\org\springframework\boot\spring-boot-starter-oauth2-client\3.5.3\spring-boot-starter-oauth2-client-3.5.3.jar
[DEBUG]  C:\Users\etoun\.m2\repository\org\springframework\security\spring-security-core\6.5.1\spring-security-core-6.5.1.jar
[DEBUG]  C:\Users\etoun\.m2\repository\org\springframework\security\spring-security-crypto\6.5.1\spring-security-crypto-6.5.1.jar
[DEBUG]  C:\Users\etoun\.m2\repository\org\springframework\security\spring-security-oauth2-client\6.5.1\spring-security-oauth2-client-6.5.1.jar
[DEBUG]  C:\Users\etoun\.m2\repository\org\springframework\security\spring-security-oauth2-core\6.5.1\spring-security-oauth2-core-6.5.1.jar
[DEBUG]  C:\Users\etoun\.m2\repository\com\nimbusds\oauth2-oidc-sdk\9.43.6\oauth2-oidc-sdk-9.43.6.jar
[DEBUG]  C:\Users\etoun\.m2\repository\com\github\stephenc\jcip\jcip-annotations\1.0-1\jcip-annotations-1.0-1.jar
[DEBUG]  C:\Users\etoun\.m2\repository\com\nimbusds\content-type\2.2\content-type-2.2.jar
[DEBUG]  C:\Users\etoun\.m2\repository\com\nimbusds\lang-tag\1.7\lang-tag-1.7.jar
[DEBUG]  C:\Users\etoun\.m2\repository\org\springframework\security\spring-security-oauth2-jose\6.5.1\spring-security-oauth2-jose-6.5.1.jar
[DEBUG]  C:\Users\etoun\.m2\repository\com\nimbusds\nimbus-jose-jwt\9.37.3\nimbus-jose-jwt-9.37.3.jar
[DEBUG]  C:\Users\etoun\.m2\repository\com\asprise\ocr\java-ocr-api\15.3.0.3\java-ocr-api-15.3.0.3.jar
[DEBUG]  C:\Users\etoun\.m2\repository\io\jsonwebtoken\jjwt-api\0.12.6\jjwt-api-0.12.6.jar
[DEBUG]  C:\Users\etoun\.m2\repository\com\fasterxml\jackson\core\jackson-databind\2.19.1\jackson-databind-2.19.1.jar
[DEBUG]  C:\Users\etoun\.m2\repository\com\fasterxml\jackson\core\jackson-annotations\2.19.1\jackson-annotations-2.19.1.jar
[DEBUG]  C:\Users\etoun\.m2\repository\com\fasterxml\jackson\core\jackson-core\2.19.1\jackson-core-2.19.1.jar
[DEBUG]  C:\Users\etoun\.m2\repository\org\springdoc\springdoc-openapi-starter-webmvc-ui\2.8.6\springdoc-openapi-starter-webmvc-ui-2.8.6.jar
[DEBUG]  C:\Users\etoun\.m2\repository\org\springdoc\springdoc-openapi-starter-webmvc-api\2.8.6\springdoc-openapi-starter-webmvc-api-2.8.6.jar
[DEBUG]  C:\Users\etoun\.m2\repository\org\springdoc\springdoc-openapi-starter-common\2.8.6\springdoc-openapi-starter-common-2.8.6.jar
[DEBUG]  C:\Users\etoun\.m2\repository\io\swagger\core\v3\swagger-core-jakarta\2.2.29\swagger-core-jakarta-2.2.29.jar
[DEBUG]  C:\Users\etoun\.m2\repository\org\apache\commons\commons-lang3\3.17.0\commons-lang3-3.17.0.jar
[DEBUG]  C:\Users\etoun\.m2\repository\io\swagger\core\v3\swagger-annotations-jakarta\2.2.29\swagger-annotations-jakarta-2.2.29.jar
[DEBUG]  C:\Users\etoun\.m2\repository\io\swagger\core\v3\swagger-models-jakarta\2.2.29\swagger-models-jakarta-2.2.29.jar
[DEBUG]  C:\Users\etoun\.m2\repository\jakarta\validation\jakarta.validation-api\3.0.2\jakarta.validation-api-3.0.2.jar
[DEBUG]  C:\Users\etoun\.m2\repository\com\fasterxml\jackson\dataformat\jackson-dataformat-yaml\2.19.1\jackson-dataformat-yaml-2.19.1.jar
[DEBUG]  C:\Users\etoun\.m2\repository\org\webjars\swagger-ui\5.20.1\swagger-ui-5.20.1.jar
[DEBUG]  C:\Users\etoun\.m2\repository\org\webjars\webjars-locator-lite\1.1.0\webjars-locator-lite-1.1.0.jar
[DEBUG]  C:\Users\etoun\.m2\repository\org\jspecify\jspecify\1.0.0\jspecify-1.0.0.jar
[DEBUG]  C:\Users\etoun\.m2\repository\commons-io\commons-io\2.19.0\commons-io-2.19.0.jar
[DEBUG]  C:\Users\etoun\.m2\repository\org\springframework\boot\spring-boot-starter-websocket\3.5.3\spring-boot-starter-websocket-3.5.3.jar
[DEBUG]  C:\Users\etoun\.m2\repository\org\springframework\spring-messaging\6.2.8\spring-messaging-6.2.8.jar
[DEBUG]  C:\Users\etoun\.m2\repository\org\springframework\spring-websocket\6.2.8\spring-websocket-6.2.8.jar
[DEBUG]  C:\Users\etoun\.m2\repository\org\projectlombok\lombok\1.18.38\lombok-1.18.38.jar
[DEBUG]  C:\Users\etoun\.m2\repository\org\mapstruct\mapstruct\1.6.3\mapstruct-1.6.3.jar
[DEBUG]  C:\Users\etoun\.m2\repository\com\stripe\stripe-java\29.4.0\stripe-java-29.4.0.jar
[DEBUG]  C:\Users\etoun\.m2\repository\jakarta\xml\bind\jakarta.xml.bind-api\4.0.2\jakarta.xml.bind-api-4.0.2.jar
[DEBUG]  C:\Users\etoun\.m2\repository\net\minidev\json-smart\2.5.2\json-smart-2.5.2.jar
[DEBUG]  C:\Users\etoun\.m2\repository\net\minidev\accessors-smart\2.5.2\accessors-smart-2.5.2.jar
[DEBUG]  C:\Users\etoun\.m2\repository\org\ow2\asm\asm\9.7.1\asm-9.7.1.jar
[DEBUG]  C:\Users\etoun\.m2\repository\org\springframework\spring-core\6.2.8\spring-core-6.2.8.jar
[DEBUG]  C:\Users\etoun\.m2\repository\org\springframework\spring-jcl\6.2.8\spring-jcl-6.2.8.jar
[DEBUG]  C:\Users\etoun\.m2\repository\me\paulschwarz\spring-dotenv\2.5.4\spring-dotenv-2.5.4.jar
[DEBUG] Source roots:
[DEBUG]  C:\Users\etoun\Documents\pk48\inscription\soumettre\backend\src\main\java
[DEBUG]  C:\Users\etoun\Documents\pk48\inscription\soumettre\backend\target\generated-sources\annotations
[DEBUG] Command line options:
[DEBUG] -d C:\Users\etoun\Documents\pk48\inscription\soumettre\backend\target\classes -classpath C:\Users\etoun\Documents\pk48\inscription\soumettre\backend\target\classes;C:\Users\etoun\.m2\repository\org\springframework\boot\spring-boot-starter-web\3.5.3\spring-boot-starter-web-3.5.3.jar;C:\Users\etoun\.m2\repository\org\springframework\boot\spring-boot-starter\3.5.3\spring-boot-starter-3.5.3.jar;C:\Users\etoun\.m2\repository\org\springframework\boot\spring-boot\3.5.3\spring-boot-3.5.3.jar;C:\Users\etoun\.m2\repository\org\springframework\boot\spring-boot-autoconfigure\3.5.3\spring-boot-autoconfigure-3.5.3.jar;C:\Users\etoun\.m2\repository\org\springframework\boot\spring-boot-starter-logging\3.5.3\spring-boot-starter-logging-3.5.3.jar;C:\Users\etoun\.m2\repository\ch\qos\logback\logback-classic\1.5.18\logback-classic-1.5.18.jar;C:\Users\etoun\.m2\repository\ch\qos\logback\logback-core\1.5.18\logback-core-1.5.18.jar;C:\Users\etoun\.m2\repository\org\apache\logging\log4j\log4j-to-slf4j\2.24.3\log4j-to-slf4j-2.24.3.jar;C:\Users\etoun\.m2\repository\org\apache\logging\log4j\log4j-api\2.24.3\log4j-api-2.24.3.jar;C:\Users\etoun\.m2\repository\org\slf4j\jul-to-slf4j\2.0.17\jul-to-slf4j-2.0.17.jar;C:\Users\etoun\.m2\repository\jakarta\annotation\jakarta.annotation-api\2.1.1\jakarta.annotation-api-2.1.1.jar;C:\Users\etoun\.m2\repository\org\yaml\snakeyaml\2.4\snakeyaml-2.4.jar;C:\Users\etoun\.m2\repository\org\springframework\boot\spring-boot-starter-json\3.5.3\spring-boot-starter-json-3.5.3.jar;C:\Users\etoun\.m2\repository\com\fasterxml\jackson\datatype\jackson-datatype-jdk8\2.19.1\jackson-datatype-jdk8-2.19.1.jar;C:\Users\etoun\.m2\repository\com\fasterxml\jackson\datatype\jackson-datatype-jsr310\2.19.1\jackson-datatype-jsr310-2.19.1.jar;C:\Users\etoun\.m2\repository\com\fasterxml\jackson\module\jackson-module-parameter-names\2.19.1\jackson-module-parameter-names-2.19.1.jar;C:\Users\etoun\.m2\repository\org\springframework\boot\spring-boot-starter-tomcat\3.5.3\spring-boot-starter-tomcat-3.5.3.jar;C:\Users\etoun\.m2\repository\org\apache\tomcat\embed\tomcat-embed-core\10.1.42\tomcat-embed-core-10.1.42.jar;C:\Users\etoun\.m2\repository\org\apache\tomcat\embed\tomcat-embed-el\10.1.42\tomcat-embed-el-10.1.42.jar;C:\Users\etoun\.m2\repository\org\apache\tomcat\embed\tomcat-embed-websocket\10.1.42\tomcat-embed-websocket-10.1.42.jar;C:\Users\etoun\.m2\repository\org\springframework\spring-web\6.2.8\spring-web-6.2.8.jar;C:\Users\etoun\.m2\repository\org\springframework\spring-beans\6.2.8\spring-beans-6.2.8.jar;C:\Users\etoun\.m2\repository\io\micrometer\micrometer-observation\1.15.1\micrometer-observation-1.15.1.jar;C:\Users\etoun\.m2\repository\io\micrometer\micrometer-commons\1.15.1\micrometer-commons-1.15.1.jar;C:\Users\etoun\.m2\repository\org\springframework\spring-webmvc\6.2.8\spring-webmvc-6.2.8.jar;C:\Users\etoun\.m2\repository\org\springframework\spring-context\6.2.8\spring-context-6.2.8.jar;C:\Users\etoun\.m2\repository\org\springframework\spring-expression\6.2.8\spring-expression-6.2.8.jar;C:\Users\etoun\.m2\repository\org\springframework\boot\spring-boot-starter-data-jpa\3.5.3\spring-boot-starter-data-jpa-3.5.3.jar;C:\Users\etoun\.m2\repository\org\springframework\boot\spring-boot-starter-jdbc\3.5.3\spring-boot-starter-jdbc-3.5.3.jar;C:\Users\etoun\.m2\repository\com\zaxxer\HikariCP\6.3.0\HikariCP-6.3.0.jar;C:\Users\etoun\.m2\repository\org\springframework\spring-jdbc\6.2.8\spring-jdbc-6.2.8.jar;C:\Users\etoun\.m2\repository\org\hibernate\orm\hibernate-core\6.6.18.Final\hibernate-core-6.6.18.Final.jar;C:\Users\etoun\.m2\repository\jakarta\persistence\jakarta.persistence-api\3.1.0\jakarta.persistence-api-3.1.0.jar;C:\Users\etoun\.m2\repository\jakarta\transaction\jakarta.transaction-api\2.0.1\jakarta.transaction-api-2.0.1.jar;C:\Users\etoun\.m2\repository\org\antlr\antlr4-runtime\4.13.0\antlr4-runtime-4.13.0.jar;C:\Users\etoun\.m2\repository\org\springframework\data\spring-data-jpa\3.5.1\spring-data-jpa-3.5.1.jar;C:\Users\etoun\.m2\repository\org\springframework\data\spring-data-commons\3.5.1\spring-data-commons-3.5.1.jar;C:\Users\etoun\.m2\repository\org\springframework\spring-orm\6.2.8\spring-orm-6.2.8.jar;C:\Users\etoun\.m2\repository\org\springframework\spring-tx\6.2.8\spring-tx-6.2.8.jar;C:\Users\etoun\.m2\repository\org\slf4j\slf4j-api\2.0.17\slf4j-api-2.0.17.jar;C:\Users\etoun\.m2\repository\org\springframework\spring-aspects\6.2.8\spring-aspects-6.2.8.jar;C:\Users\etoun\.m2\repository\org\aspectj\aspectjweaver\1.9.24\aspectjweaver-1.9.24.jar;C:\Users\etoun\.m2\repository\org\springframework\boot\spring-boot-starter-security\3.5.3\spring-boot-starter-security-3.5.3.jar;C:\Users\etoun\.m2\repository\org\springframework\spring-aop\6.2.8\spring-aop-6.2.8.jar;C:\Users\etoun\.m2\repository\org\springframework\security\spring-security-config\6.5.1\spring-security-config-6.5.1.jar;C:\Users\etoun\.m2\repository\org\springframework\security\spring-security-web\6.5.1\spring-security-web-6.5.1.jar;C:\Users\etoun\.m2\repository\org\springframework\boot\spring-boot-starter-mail\3.5.3\spring-boot-starter-mail-3.5.3.jar;C:\Users\etoun\.m2\repository\org\springframework\spring-context-support\6.2.8\spring-context-support-6.2.8.jar;C:\Users\etoun\.m2\repository\org\eclipse\angus\jakarta.mail\2.0.3\jakarta.mail-2.0.3.jar;C:\Users\etoun\.m2\repository\jakarta\activation\jakarta.activation-api\2.1.3\jakarta.activation-api-2.1.3.jar;C:\Users\etoun\.m2\repository\org\springframework\boot\spring-boot-starter-oauth2-client\3.5.3\spring-boot-starter-oauth2-client-3.5.3.jar;C:\Users\etoun\.m2\repository\org\springframework\security\spring-security-core\6.5.1\spring-security-core-6.5.1.jar;C:\Users\etoun\.m2\repository\org\springframework\security\spring-security-crypto\6.5.1\spring-security-crypto-6.5.1.jar;C:\Users\etoun\.m2\repository\org\springframework\security\spring-security-oauth2-client\6.5.1\spring-security-oauth2-client-6.5.1.jar;C:\Users\etoun\.m2\repository\org\springframework\security\spring-security-oauth2-core\6.5.1\spring-security-oauth2-core-6.5.1.jar;C:\Users\etoun\.m2\repository\com\nimbusds\oauth2-oidc-sdk\9.43.6\oauth2-oidc-sdk-9.43.6.jar;C:\Users\etoun\.m2\repository\com\github\stephenc\jcip\jcip-annotations\1.0-1\jcip-annotations-1.0-1.jar;C:\Users\etoun\.m2\repository\com\nimbusds\content-type\2.2\content-type-2.2.jar;C:\Users\etoun\.m2\repository\com\nimbusds\lang-tag\1.7\lang-tag-1.7.jar;C:\Users\etoun\.m2\repository\org\springframework\security\spring-security-oauth2-jose\6.5.1\spring-security-oauth2-jose-6.5.1.jar;C:\Users\etoun\.m2\repository\com\nimbusds\nimbus-jose-jwt\9.37.3\nimbus-jose-jwt-9.37.3.jar;C:\Users\etoun\.m2\repository\com\asprise\ocr\java-ocr-api\15.3.0.3\java-ocr-api-15.3.0.3.jar;C:\Users\etoun\.m2\repository\io\jsonwebtoken\jjwt-api\0.12.6\jjwt-api-0.12.6.jar;C:\Users\etoun\.m2\repository\com\fasterxml\jackson\core\jackson-databind\2.19.1\jackson-databind-2.19.1.jar;C:\Users\etoun\.m2\repository\com\fasterxml\jackson\core\jackson-annotations\2.19.1\jackson-annotations-2.19.1.jar;C:\Users\etoun\.m2\repository\com\fasterxml\jackson\core\jackson-core\2.19.1\jackson-core-2.19.1.jar;C:\Users\etoun\.m2\repository\org\springdoc\springdoc-openapi-starter-webmvc-ui\2.8.6\springdoc-openapi-starter-webmvc-ui-2.8.6.jar;C:\Users\etoun\.m2\repository\org\springdoc\springdoc-openapi-starter-webmvc-api\2.8.6\springdoc-openapi-starter-webmvc-api-2.8.6.jar;C:\Users\etoun\.m2\repository\org\springdoc\springdoc-openapi-starter-common\2.8.6\springdoc-openapi-starter-common-2.8.6.jar;C:\Users\etoun\.m2\repository\io\swagger\core\v3\swagger-core-jakarta\2.2.29\swagger-core-jakarta-2.2.29.jar;C:\Users\etoun\.m2\repository\org\apache\commons\commons-lang3\3.17.0\commons-lang3-3.17.0.jar;C:\Users\etoun\.m2\repository\io\swagger\core\v3\swagger-annotations-jakarta\2.2.29\swagger-annotations-jakarta-2.2.29.jar;C:\Users\etoun\.m2\repository\io\swagger\core\v3\swagger-models-jakarta\2.2.29\swagger-models-jakarta-2.2.29.jar;C:\Users\etoun\.m2\repository\jakarta\validation\jakarta.validation-api\3.0.2\jakarta.validation-api-3.0.2.jar;C:\Users\etoun\.m2\repository\com\fasterxml\jackson\dataformat\jackson-dataformat-yaml\2.19.1\jackson-dataformat-yaml-2.19.1.jar;C:\Users\etoun\.m2\repository\org\webjars\swagger-ui\5.20.1\swagger-ui-5.20.1.jar;C:\Users\etoun\.m2\repository\org\webjars\webjars-locator-lite\1.1.0\webjars-locator-lite-1.1.0.jar;C:\Users\etoun\.m2\repository\org\jspecify\jspecify\1.0.0\jspecify-1.0.0.jar;C:\Users\etoun\.m2\repository\commons-io\commons-io\2.19.0\commons-io-2.19.0.jar;C:\Users\etoun\.m2\repository\org\springframework\boot\spring-boot-starter-websocket\3.5.3\spring-boot-starter-websocket-3.5.3.jar;C:\Users\etoun\.m2\repository\org\springframework\spring-messaging\6.2.8\spring-messaging-6.2.8.jar;C:\Users\etoun\.m2\repository\org\springframework\spring-websocket\6.2.8\spring-websocket-6.2.8.jar;C:\Users\etoun\.m2\repository\org\projectlombok\lombok\1.18.38\lombok-1.18.38.jar;C:\Users\etoun\.m2\repository\org\mapstruct\mapstruct\1.6.3\mapstruct-1.6.3.jar;C:\Users\etoun\.m2\repository\com\stripe\stripe-java\29.4.0\stripe-java-29.4.0.jar;C:\Users\etoun\.m2\repository\jakarta\xml\bind\jakarta.xml.bind-api\4.0.2\jakarta.xml.bind-api-4.0.2.jar;C:\Users\etoun\.m2\repository\net\minidev\json-smart\2.5.2\json-smart-2.5.2.jar;C:\Users\etoun\.m2\repository\net\minidev\accessors-smart\2.5.2\accessors-smart-2.5.2.jar;C:\Users\etoun\.m2\repository\org\ow2\asm\asm\9.7.1\asm-9.7.1.jar;C:\Users\etoun\.m2\repository\org\springframework\spring-core\6.2.8\spring-core-6.2.8.jar;C:\Users\etoun\.m2\repository\org\springframework\spring-jcl\6.2.8\spring-jcl-6.2.8.jar;C:\Users\etoun\.m2\repository\me\paulschwarz\spring-dotenv\2.5.4\spring-dotenv-2.5.4.jar; -sourcepath C:\Users\etoun\Documents\pk48\inscription\soumettre\backend\src\main\java;C:\Users\etoun\Documents\pk48\inscription\soumettre\backend\target\generated-sources\annotations; -s C:\Users\etoun\Documents\pk48\inscription\soumettre\backend\target\generated-sources\annotations -processorpath C:\Users\etoun\.m2\repository\org\projectlombok\lombok\1.18.30\lombok-1.18.30.jar;C:\Users\etoun\.m2\repository\org\mapstruct\mapstruct-processor\1.6.3\mapstruct-processor-1.6.3.jar; -g -parameters --release 17 -encoding UTF-8 -XDuseUnsharedTable=true
[DEBUG] incrementalBuildHelper#beforeRebuildExecution
[INFO] Compiling 119 source files with javac [debug parameters release 17] to target\classes
[DEBUG] incrementalBuildHelper#afterRebuildExecution
[INFO] /C:/Users/etoun/Documents/pk48/inscription/soumettre/backend/src/main/java/com/team48/inscriptionscolaire/security/JwtService.java: Some input files use or override a deprecated API.
[INFO] /C:/Users/etoun/Documents/pk48/inscription/soumettre/backend/src/main/java/com/team48/inscriptionscolaire/security/JwtService.java: Recompile with -Xlint:deprecation for details.
[INFO] Some messages have been simplified; recompile with -Xdiags:verbose to get full output
[INFO] -------------------------------------------------------------
[WARNING] COMPILATION WARNING : 
[INFO] -------------------------------------------------------------
[WARNING] /C:/Users/etoun/Documents/pk48/inscription/soumettre/backend/src/main/java/com/team48/inscriptionscolaire/common/BaseEntity.java:[32,27] @SuperBuilder will ignore the initializing expression entirely. If you want the initializing expression to serve as default, add @Builder.Default. If it is not supposed to be settable during building, make the field final.
[WARNING] /C:/Users/etoun/Documents/pk48/inscription/soumettre/backend/src/main/java/com/team48/inscriptionscolaire/notification/Notification.java:[28,20] @SuperBuilder will ignore the initializing expression entirely. If you want the initializing expression to serve as default, add @Builder.Default. If it is not supposed to be settable during building, make the field final.
[WARNING] /C:/Users/etoun/Documents/pk48/inscription/soumettre/backend/src/main/java/com/team48/inscriptionscolaire/user/User.java:[22,1] Generating equals/hashCode implementation but without a call to superclass, even though this class does not extend java.lang.Object. If this is intentional, add '@EqualsAndHashCode(callSuper=false)' to your type.
[INFO] 3 warnings 
[INFO] -------------------------------------------------------------
[INFO] -------------------------------------------------------------
[ERROR] COMPILATION ERROR : 
[INFO] -------------------------------------------------------------
[ERROR] /C:/Users/etoun/Documents/pk48/inscription/soumettre/backend/src/main/java/com/team48/inscriptionscolaire/notification/NotificationService.java:[40,54] incompatible types: java.lang.String cannot be converted to com.team48.inscriptionscolaire.notification.Notification.NotificationBuilder<?,?>
[ERROR] /C:/Users/etoun/Documents/pk48/inscription/soumettre/backend/src/main/java/com/team48/inscriptionscolaire/notification/NotificationService.java:[50,54] incompatible types: java.lang.String cannot be converted to com.team48.inscriptionscolaire.notification.Notification.NotificationBuilder<?,?>
[ERROR] /C:/Users/etoun/Documents/pk48/inscription/soumettre/backend/src/main/java/com/team48/inscriptionscolaire/notification/NotificationController.java:[25,54] incompatible types: java.lang.String cannot be converted to com.team48.inscriptionscolaire.notification.Notification.NotificationBuilder<?,?>
[INFO] 3 errors 
[INFO] -------------------------------------------------------------
[INFO] ------------------------------------------------------------------------
[INFO] BUILD FAILURE
[INFO] ------------------------------------------------------------------------
[INFO] Total time:  13.214 s
[INFO] Finished at: 2025-10-05T17:22:04+01:00
[INFO] ------------------------------------------------------------------------
[ERROR] Failed to execute goal org.apache.maven.plugins:maven-compiler-plugin:3.14.0:compile (default-compile) on project inscription-scolaire: Compilation failure: Compilation failure: 
[ERROR] /C:/Users/etoun/Documents/pk48/inscription/soumettre/backend/src/main/java/com/team48/inscriptionscolaire/notification/NotificationService.java:[40,54] incompatible types: java.lang.String cannot be converted to com.team48.inscriptionscolaire.notification.Notification.NotificationBuilder<?,?>
[ERROR] /C:/Users/etoun/Documents/pk48/inscription/soumettre/backend/src/main/java/com/team48/inscriptionscolaire/notification/NotificationService.java:[50,54] incompatible types: java.lang.String cannot be converted to com.team48.inscriptionscolaire.notification.Notification.NotificationBuilder<?,?>
[ERROR] /C:/Users/etoun/Documents/pk48/inscription/soumettre/backend/src/main/java/com/team48/inscriptionscolaire/notification/NotificationController.java:[25,54] incompatible types: java.lang.String cannot be converted to com.team48.inscriptionscolaire.notification.Notification.NotificationBuilder<?,?>
[ERROR] -> [Help 1]
org.apache.maven.lifecycle.LifecycleExecutionException: Failed to execute goal org.apache.maven.plugins:maven-compiler-plugin:3.14.0:compile (default-compile) on project inscription-scolaire: Compilation failure
    at org.apache.maven.lifecycle.internal.MojoExecutor.doExecute2 (MojoExecutor.java:333)
    at org.apache.maven.lifecycle.internal.MojoExecutor.doExecute (MojoExecutor.java:316)
    at org.apache.maven.lifecycle.internal.MojoExecutor.execute (MojoExecutor.java:212)
    at org.apache.maven.lifecycle.internal.MojoExecutor.execute (MojoExecutor.java:174)
    at org.apache.maven.lifecycle.internal.MojoExecutor.access$000 (MojoExecutor.java:75)
    at org.apache.maven.lifecycle.internal.MojoExecutor$1.run (MojoExecutor.java:162)
    at org.apache.maven.plugin.DefaultMojosExecutionStrategy.execute (DefaultMojosExecutionStrategy.java:39)
    at org.apache.maven.lifecycle.internal.MojoExecutor.execute (MojoExecutor.java:159)
    at org.apache.maven.lifecycle.internal.LifecycleModuleBuilder.buildProject (LifecycleModuleBuilder.java:105)
    at org.apache.maven.lifecycle.internal.LifecycleModuleBuilder.buildProject (LifecycleModuleBuilder.java:73)
    at org.apache.maven.lifecycle.internal.builder.singlethreaded.SingleThreadedBuilder.build (SingleThreadedBuilder.java:53)
    at org.apache.maven.lifecycle.internal.LifecycleStarter.execute (LifecycleStarter.java:118)
    at org.apache.maven.DefaultMaven.doExecute (DefaultMaven.java:261)
    at org.apache.maven.DefaultMaven.doExecute (DefaultMaven.java:173)
    at org.apache.maven.DefaultMaven.execute (DefaultMaven.java:101)
    at org.apache.maven.cli.MavenCli.execute (MavenCli.java:906)
    at org.apache.maven.cli.MavenCli.doMain (MavenCli.java:283)
    at org.apache.maven.cli.MavenCli.main (MavenCli.java:206)
    at jdk.internal.reflect.NativeMethodAccessorImpl.invoke0 (Native Method)
    at jdk.internal.reflect.NativeMethodAccessorImpl.invoke (NativeMethodAccessorImpl.java:77)
    at jdk.internal.reflect.DelegatingMethodAccessorImpl.invoke (DelegatingMethodAccessorImpl.java:43)
    at java.lang.reflect.Method.invoke (Method.java:568)
    at org.codehaus.plexus.classworlds.launcher.Launcher.launchEnhanced (Launcher.java:255)
    at org.codehaus.plexus.classworlds.launcher.Launcher.launch (Launcher.java:201)
    at org.codehaus.plexus.classworlds.launcher.Launcher.mainWithExitCode (Launcher.java:361)
    at org.codehaus.plexus.classworlds.launcher.Launcher.main (Launcher.java:314)
Caused by: org.apache.maven.plugin.compiler.CompilationFailureException: Compilation failure
    at org.apache.maven.plugin.compiler.AbstractCompilerMojo.execute (AbstractCompilerMojo.java:1309)
    at org.apache.maven.plugin.compiler.CompilerMojo.execute (CompilerMojo.java:225)
    at org.apache.maven.plugin.DefaultBuildPluginManager.executeMojo (DefaultBuildPluginManager.java:126)
    at org.apache.maven.lifecycle.internal.MojoExecutor.doExecute2 (MojoExecutor.java:328)
    at org.apache.maven.lifecycle.internal.MojoExecutor.doExecute (MojoExecutor.java:316)
    at org.apache.maven.lifecycle.internal.MojoExecutor.execute (MojoExecutor.java:212)
    at org.apache.maven.lifecycle.internal.MojoExecutor.execute (MojoExecutor.java:174)
    at org.apache.maven.lifecycle.internal.MojoExecutor.access$000 (MojoExecutor.java:75)
    at org.apache.maven.lifecycle.internal.MojoExecutor$1.run (MojoExecutor.java:162)
    at org.apache.maven.plugin.DefaultMojosExecutionStrategy.execute (DefaultMojosExecutionStrategy.java:39)
    at org.apache.maven.lifecycle.internal.MojoExecutor.execute (MojoExecutor.java:159)
    at org.apache.maven.lifecycle.internal.LifecycleModuleBuilder.buildProject (LifecycleModuleBuilder.java:105)
    at org.apache.maven.lifecycle.internal.LifecycleModuleBuilder.buildProject (LifecycleModuleBuilder.java:73)
    at org.apache.maven.lifecycle.internal.builder.singlethreaded.SingleThreadedBuilder.build (SingleThreadedBuilder.java:53)
    at org.apache.maven.lifecycle.internal.LifecycleStarter.execute (LifecycleStarter.java:118)
    at org.apache.maven.DefaultMaven.doExecute (DefaultMaven.java:261)
    at org.apache.maven.DefaultMaven.doExecute (DefaultMaven.java:173)
    at org.apache.maven.DefaultMaven.execute (DefaultMaven.java:101)
    at org.apache.maven.cli.MavenCli.execute (MavenCli.java:906)
    at org.apache.maven.cli.MavenCli.doMain (MavenCli.java:283)
    at org.apache.maven.cli.MavenCli.main (MavenCli.java:206)
    at jdk.internal.reflect.NativeMethodAccessorImpl.invoke0 (Native Method)
    at jdk.internal.reflect.NativeMethodAccessorImpl.invoke (NativeMethodAccessorImpl.java:77)
    at jdk.internal.reflect.DelegatingMethodAccessorImpl.invoke (DelegatingMethodAccessorImpl.java:43)
    at java.lang.reflect.Method.invoke (Method.java:568)
    at org.codehaus.plexus.classworlds.launcher.Launcher.launchEnhanced (Launcher.java:255)
    at org.codehaus.plexus.classworlds.launcher.Launcher.launch (Launcher.java:201)
    at org.codehaus.plexus.classworlds.launcher.Launcher.mainWithExitCode (Launcher.java:361)
    at org.codehaus.plexus.classworlds.launcher.Launcher.main (Launcher.java:314)
[ERROR] 
[ERROR] 
[ERROR] For more information about the errors and possible solutions, please read the following articles:
[ERROR] [Help 1] http://cwiki.apache.org/confluence/display/MAVEN/MojoFailureException
[DEBUG] Shutting down adapter factory; available factories [file-lock, rwlock-local, semaphore-local, noop]; available name mappers [discriminating, file-gav, file-hgav, file-static, gav, static]
[DEBUG] Shutting down 'file-lock' factory
[DEBUG] Shutting down 'rwlock-local' factory
[DEBUG] Shutting down 'semaphore-local' factory
[DEBUG] Shutting down 'noop' factory
